Microchip MPLAB XC8 Compiler V2.40

Linker command line:

-W-3 \
  --edf=C:\Program Files\Microchip\xc8\v2.40\pic\dat\20220703182018_en.msgs \
  -cn -h+dist/default/production\Laboratorio5.X.production.sym \
  --cmf=dist/default/production\Laboratorio5.X.production.cmf -z -Q18F4550 \
  -oC:\Users\Andres\AppData\Local\Temp\xcAsl5k.5 \
  -Mdist/default/production/Laboratorio5.X.production.map \
  --md=C:\Users\Andres\AppData\Local\Temp\xcBsl5k.dat -E1 -ver=XC8 Compiler \
  -ACODE=00h-07FFFh -ACONST=00h-07FFFh -ASMALLCONST=0800h-08FFhx120 \
  -AMEDIUMCONST=0800h-07FFFh -ACOMRAM=01h-05Fh -AABS1=00h-07FFh \
  -ABIGRAM=01h-07FFh -ARAM=060h-0FFh,0100h-01FFhx7 -ABANK0=060h-0FFh \
  -ABANK1=0100h-01FFh -ABANK2=0200h-02FFh -ABANK3=0300h-03FFh \
  -ABANK4=0400h-04FFh -ABANK5=0500h-05FFh -ABANK6=0600h-06FFh \
  -ABANK7=0700h-07FFh -ASFR=0F60h-0FFFh -ABIGSFR=0F60h-0FFFh \
  -ACONFIG=0300000h-030000Dh -AIDLOC=0200000h-0200007h \
  -AEEDATA=0F00000h-0F000FFh -peeprom_data=EEDATA \
  -preset_vec=00h,intcode=08h,intcodelo,powerup,init -pramtop=0800h \
  -psmallconst=SMALLCONST -pmediumconst=MEDIUMCONST -pconst=CONST \
  -AFARRAM=00h-00h \
  -prdata=COMRAM,nvrram=COMRAM,nvbit=COMRAM,rbss=COMRAM,rbit=COMRAM \
  -pfarbss=FARRAM,fardata=FARRAM,nvFARRAM=FARRAM \
  -pintsave_regs=BIGRAM,bigbss=BIGRAM,bigdata=BIGRAM -pbss=RAM \
  -pidata=CODE,irdata=CODE,ibigdata=CODE,ifardata=CODE -prparam=COMRAM \
  C:\Users\Andres\AppData\Local\Temp\xcAsl5k.obj \
  dist/default/production\Laboratorio5.X.production.obj 

Object code version is 3.11

Machine type is 18F4550



                Name                               Link     Load   Length Selector   Space Scale
C:\Users\Andres\AppData\Local\Temp\xcAsl5k.obj
                idloc                            200000   200000        8        0       5
                config                           300000   300000        E        0       4
                init                                  E        E        4        4       0
                reset_vec                             0        0        4        0       0
dist/default/production\Laboratorio5.X.production.obj
                intcode                               8        8        6        4       0
                idloc                            200000   200000        8        0       5
                config                           300000   300000        E        0       4
                temp                                 21       21        1        1       1
                smallconst                          800      800       24      400       0
                text25                             1200     1200        8      412       0
                intcode_body                        D7C      D7C       8A      412       0
                text23                              C94      C94       E8      412       0
                text22                             11BC     11BC       14      412       0
                text21                             1134     1134       26      412       0
                text20                             11DE     11DE        E      412       0
                text19                              E8A      E8A       66      412       0
                text18                             11F8     11F8        8      412       0
                text17                             11A8     11A8       14      412       0
                text16                              FD2      FD2       42      412       0
                text15                             1088     1088       30      412       0
                text14                             115A     115A       22      412       0
                text13                             104E     104E       3A      412       0
                text12                             1192     1192       16      412       0
                text11                             117C     117C       16      412       0
                text10                              F42      F42       4E      412       0
                text9                              11EC     11EC        C      412       0
                text8                               E06      E06       84      412       0
                text7                              1014     1014       3A      412       0
                text6                              10E4     10E4       2A      412       0
                text5                               EF0      EF0       52      412       0
                text4                               F90      F90       42      412       0
                text3                              110E     110E       26      412       0
                text2                               824      824      290      412       0
                text1                              11D0     11D0        E      412       0
                text0                               AB4      AB4      1E0      412       0
                cstackCOMRAM                          1        1       18        1       1
                dataCOMRAM                           20       20        1        1       1
                bssCOMRAM                            19       19        7        1       1
                cinit                              10B8     10B8       2C      412       0
                idataCOMRAM                        1208     1208        1      412       0

TOTAL           Name                               Link     Load   Length     Space
        CLASS   CODE           
                intcode                               8        8        6         0
                init                                  E        E        4         0
                reset_vec                             0        0        4         0
                text25                             1200     1200        8         0
                intcode_body                        D7C      D7C       8A         0
                text23                              C94      C94       E8         0
                text22                             11BC     11BC       14         0
                text21                             1134     1134       26         0
                text20                             11DE     11DE        E         0
                text19                              E8A      E8A       66         0
                text18                             11F8     11F8        8         0
                text17                             11A8     11A8       14         0
                text16                              FD2      FD2       42         0
                text15                             1088     1088       30         0
                text14                             115A     115A       22         0
                text13                             104E     104E       3A         0
                text12                             1192     1192       16         0
                text11                             117C     117C       16         0
                text10                              F42      F42       4E         0
                text9                              11EC     11EC        C         0
                text8                               E06      E06       84         0
                text7                              1014     1014       3A         0
                text6                              10E4     10E4       2A         0
                text5                               EF0      EF0       52         0
                text4                               F90      F90       42         0
                text3                              110E     110E       26         0
                text2                               824      824      290         0
                text1                              11D0     11D0        E         0
                text0                               AB4      AB4      1E0         0
                cinit                              10B8     10B8       2C         0
                idataCOMRAM                        1208     1208        1         0

        CLASS   CONST          

        CLASS   SMALLCONST     
                smallconst                          800      800       24         0

        CLASS   MEDIUMCONST    

        CLASS   COMRAM         
                temp                                 21       21        1         1
                cstackCOMRAM                          1        1       18         1
                dataCOMRAM                           20       20        1         1
                bssCOMRAM                            19       19        7         1

        CLASS   ABS1           

        CLASS   BIGRAM         

        CLASS   RAM            

        CLASS   BANK0          

        CLASS   BANK1          

        CLASS   BANK2          

        CLASS   BANK3          

        CLASS   BANK4          

        CLASS   BANK5          

        CLASS   BANK6          

        CLASS   BANK7          

        CLASS   SFR            

        CLASS   BIGSFR         

        CLASS   CONFIG         
                config                           300000   300000        E         4

        CLASS   IDLOC          
                idloc                            200000   200000        8         5

        CLASS   EEDATA         

        CLASS   FARRAM         

        CLASS   HEAP           

        CLASS   STACK          



SEGMENTS        Name                           Load    Length   Top    Selector   Space  Class

                reset_vec                      000000  000004  000004         0       0  CODE    
                cstackCOMRAM                   000001  000021  000022         1       1  COMRAM  
                intcode                        000008  00000A  000012         4       0  CODE    
                smallconst                     000800  000024  000824       400       0  SMALLCON
                text2                          000824  0009E5  001209       412       0  CODE    


UNUSED ADDRESS RANGES

        Name                Unused          Largest block    Delta
        BANK0            000060-0000FF               A0
        BANK1            000100-0001FF              100
        BANK2            000200-0002FF              100
        BANK3            000300-0003FF              100
        BANK4            000400-0004FF              100
        BANK5            000500-0005FF              100
        BANK6            000600-0006FF              100
        BANK7            000700-0007FF              100
        BIGRAM           000022-0007FF              7DE
        BIGSFR           000F60-000FFF               A0
        CODE             000004-000007                4
                         000012-0007FF              7EE
                         001209-007FFF             6DF7
        COMRAM           000022-00005F               3E
        CONST            000004-000007                4
                         000012-0007FF              7EE
                         001209-007FFF             6DF7
        EEDATA           F00000-F000FF              100
        MEDIUMCONST      001209-007FFF             6DF7
        RAM              000060-0007FF              100
        SFR              000F60-000FFF               A0
        SMALLCONST       001209-007FFF              100

                                  Symbol Table

?___awdiv                    cstackCOMRAM 000003
?___lwdiv                    cstackCOMRAM 000003
?___lwmod                    cstackCOMRAM 000003
?___wmul                     cstackCOMRAM 000003
ColorRGB@val                 cstackCOMRAM 000003
Conversion@canal             cstackCOMRAM 000003
DireccionaLCD@a              cstackCOMRAM 000006
EnviaDato@a                  cstackCOMRAM 000005
EscribeLCD_c@a               cstackCOMRAM 000006
GuardarDatoEnEEPROM@dato     cstackCOMRAM 000005
GuardarDatoEnEEPROM@dir      cstackCOMRAM 000003
LeerBit@res                  cstackCOMRAM 000003
LeerByte@i                   cstackCOMRAM 000006
LeerByte@res                 cstackCOMRAM 000005
MensajeLCD_Word@a            cstackCOMRAM 000007
MensajeLCD_Word@i            cstackCOMRAM 000009
RetardoLCD@a                 cstackCOMRAM 000004
Transmitir@BufferT           cstackCOMRAM 000003
TransmitirDatos@Ent1         cstackCOMRAM 00000B
TransmitirDatos@Ent2         cstackCOMRAM 00000D
TransmitirDatos@Simb         cstackCOMRAM 000013
TransmitirDatos@TempC        cstackCOMRAM 000015
TransmitirDatos@n            cstackCOMRAM 000011
_A                           bssCOMRAM    00001B
_ADCON0                      (abs)        000FC2
_ADCON1                      (abs)        000FC1
_ADCON2                      (abs)        000FC0
_ADRES                       (abs)        000FC3
_B                           bssCOMRAM    000019
_BAUDCON                     (abs)        000FB8
_BorraLCD                    text17       0011A8
_CFGS                        (abs)        007D36
_ColorRGB                    text23       000C94
_Conversion                  text22       0011BC
_DireccionaLCD               text12       001192
_EEADR                       (abs)        000FA9
_EECON2                      (abs)        000FA7
_EEDATA                      (abs)        000FA8
_EEIF                        (abs)        007D0C
_EEPGD                       (abs)        007D37
_EnviaDato                   text18       0011F8
_EscribeLCD_c                text11       00117C
_GIE                         (abs)        007F97
_GO                          (abs)        007E11
_GuardarDatoEnEEPROM         text21       001134
_HabilitaLCD                 text20       0011DE
_Hum                         bssCOMRAM    00001E
_ISR                         intcode      000008
_InicializaLCD               text16       000FD2
_LATC2                       (abs)        007C5A
_LATD                        (abs)        000F8C
_LATE0                       (abs)        007C68
_LATE2                       (abs)        007C6A
_LeerBit                     text15       001088
_LeerByte                    text14       00115A
_LeerHT11                    text13       00104E
_MensajeLCD_Word             text10       000F42
_OSCCON                      (abs)        000FD3
_RB0                         (abs)        007C08
_RB5                         (abs)        007C0D
_RB6                         (abs)        007C0E
_RB7                         (abs)        007C0F
_RBPU                        (abs)        007F8F
_RC0                         (abs)        007C10
_RC1                         (abs)        007C11
_RC2                         (abs)        007C12
_RC4                         (abs)        007C14
_RCIF                        (abs)        007CF5
_RCREG                       (abs)        000FAE
_RCSTA                       (abs)        000FAB
_RD                          (abs)        007D30
_Recibir                     text25       001200
_RetardoLCD                  text19       000E8A
_SPBRG                       (abs)        000FAF
_T0CON                       (abs)        000FD5
_TMR0                        (abs)        000FD6
_TMR0IE                      (abs)        007F95
_TMR0IF                      (abs)        007F92
_TMR0ON                      (abs)        007EAF
_TRISA                       (abs)        000F92
_TRISB                       (abs)        000F93
_TRISC                       (abs)        000F94
_TRISC2                      (abs)        007CA2
_TRISD                       (abs)        000F95
_TRISE0                      (abs)        007CB0
_TRISE2                      (abs)        007CB2
_TRMT                        (abs)        007D61
_TXREG                       (abs)        000FAD
_TXSTA                       (abs)        000FAC
_Temp                        bssCOMRAM    00001F
_TempEEPROM                  bssCOMRAM    00001D
_Transmitir                  text9        0011EC
_TransmitirDatos             text2        000824
_USBEN                       (abs)        007B6B
_UTRDIS                      (abs)        007B7B
_WR                          (abs)        007D31
_WREN                        (abs)        007D32
__HRAM                       (abs)        000000
__Habs1                      abs1         000000
__Hbank0                     bank0        000000
__Hbank1                     bank1        000000
__Hbank2                     bank2        000000
__Hbank3                     bank3        000000
__Hbank4                     bank4        000000
__Hbank5                     bank5        000000
__Hbank6                     bank6        000000
__Hbank7                     bank7        000000
__Hbigbss                    bigbss       000000
__Hbigdata                   bigdata      000000
__Hbigram                    bigram       000000
__Hbigsfr                    bigsfr       000000
__Hbss                       bss          000000
__HbssCOMRAM                 bssCOMRAM    000000
__Hcinit                     cinit        000000
__Hclrtext                   clrtext      000000
__Hcomram                    comram       000000
__Hconfig                    config       30000E
__Hconst                     const        000000
__HcstackCOMRAM              cstackCOMRAM 000000
__Hdata                      data         000000
__HdataCOMRAM                dataCOMRAM   000000
__Heeprom_data               eeprom_data  000000
__Hfarbss                    farbss       000000
__Hfardata                   fardata      000000
__Hheap                      heap         000000
__Hibigdata                  ibigdata     000000
__Hidata                     idata        000000
__HidataCOMRAM               idataCOMRAM  000000
__Hidloc                     idloc        200008
__Hifardata                  ifardata     000000
__Hinit                      init         000012
__Hintcode                   intcode      00000E
__Hintcode_body              intcode_body 000000
__Hintcodelo                 intcodelo    00000E
__Hintentry                  intentry     000000
__Hintret                    intret       000000
__Hintsave_regs              intsave_regs 000000
__Hirdata                    irdata       000000
__Hmediumconst               mediumconst  000000
__HnvFARRAM                  nvFARRAM     000000
__Hnvbit                     nvbit        000000
__Hnvrram                    nvrram       000000
__Hparam                     rparam       000000
__Hpowerup                   powerup      00000E
__Hram                       ram          000000
__Hramtop                    ramtop       000800
__Hrbit                      rbit         000000
__Hrbss                      rbss         000000
__Hrdata                     rdata        000000
__Hreset_vec                 reset_vec    000004
__Hrparam                    rparam       000000
__Hsfr                       sfr          000000
__Hsmallconst                smallconst   000824
__Hspace_0                   (abs)        001209
__Hspace_1                   (abs)        000022
__Hspace_2                   (abs)        000000
__Hspace_4                   (abs)        60000E
__Hstack                     stack        000000
__Hstruct                    struct       000000
__Htemp                      temp         000022
__Htext                      text         000000
__Htext0                     text0        000000
__Htext1                     text1        000000
__Htext10                    text10       000000
__Htext11                    text11       000000
__Htext12                    text12       000000
__Htext13                    text13       000000
__Htext14                    text14       000000
__Htext15                    text15       000000
__Htext16                    text16       000000
__Htext17                    text17       000000
__Htext18                    text18       000000
__Htext19                    text19       000000
__Htext2                     text2        000000
__Htext20                    text20       000000
__Htext21                    text21       000000
__Htext22                    text22       000000
__Htext23                    text23       000000
__Htext25                    text25       000000
__Htext3                     text3        000000
__Htext4                     text4        000000
__Htext5                     text5        000000
__Htext6                     text6        000000
__Htext7                     text7        000000
__Htext8                     text8        000000
__Htext9                     text9        000000
__LRAM                       (abs)        000001
__Labs1                      abs1         000000
__Lbank0                     bank0        000000
__Lbank1                     bank1        000000
__Lbank2                     bank2        000000
__Lbank3                     bank3        000000
__Lbank4                     bank4        000000
__Lbank5                     bank5        000000
__Lbank6                     bank6        000000
__Lbank7                     bank7        000000
__Lbigbss                    bigbss       000000
__Lbigdata                   bigdata      000000
__Lbigram                    bigram       000000
__Lbigsfr                    bigsfr       000000
__Lbss                       bss          000000
__LbssCOMRAM                 bssCOMRAM    000000
__Lcinit                     cinit        000000
__Lclrtext                   clrtext      000000
__Lcomram                    comram       000000
__Lconfig                    config       000000
__Lconst                     const        000000
__LcstackCOMRAM              cstackCOMRAM 000000
__Ldata                      data         000000
__LdataCOMRAM                dataCOMRAM   000000
__Leeprom_data               eeprom_data  000000
__Lfarbss                    farbss       000000
__Lfardata                   fardata      000000
__Lheap                      heap         000000
__Libigdata                  ibigdata     000000
__Lidata                     idata        000000
__LidataCOMRAM               idataCOMRAM  000000
__Lidloc                     idloc        000000
__Lifardata                  ifardata     000000
__Linit                      init         00000E
__Lintcode                   intcode      000008
__Lintcode_body              intcode_body 000000
__Lintcodelo                 intcodelo    00000E
__Lintentry                  intentry     000000
__Lintret                    intret       000000
__Lintsave_regs              intsave_regs 000000
__Lirdata                    irdata       000000
__Lmediumconst               mediumconst  000000
__LnvFARRAM                  nvFARRAM     000000
__Lnvbit                     nvbit        000000
__Lnvrram                    nvrram       000000
__Lparam                     rparam       000000
__Lpowerup                   powerup      00000E
__Lram                       ram          000000
__Lramtop                    ramtop       000800
__Lrbit                      rbit         000000
__Lrbss                      rbss         000000
__Lrdata                     rdata        000000
__Lreset_vec                 reset_vec    000000
__Lrparam                    rparam       000000
__Lsfr                       sfr          000000
__Lsmallconst                smallconst   000800
__Lspace_0                   (abs)        000000
__Lspace_1                   (abs)        000000
__Lspace_2                   (abs)        000000
__Lspace_4                   (abs)        000000
__Lstack                     stack        000000
__Lstruct                    struct       000000
__Ltemp                      temp         000021
__Ltext                      text         000000
__Ltext0                     text0        000000
__Ltext1                     text1        000000
__Ltext10                    text10       000000
__Ltext11                    text11       000000
__Ltext12                    text12       000000
__Ltext13                    text13       000000
__Ltext14                    text14       000000
__Ltext15                    text15       000000
__Ltext16                    text16       000000
__Ltext17                    text17       000000
__Ltext18                    text18       000000
__Ltext19                    text19       000000
__Ltext2                     text2        000000
__Ltext20                    text20       000000
__Ltext21                    text21       000000
__Ltext22                    text22       000000
__Ltext23                    text23       000000
__Ltext25                    text25       000000
__Ltext3                     text3        000000
__Ltext4                     text4        000000
__Ltext5                     text5        000000
__Ltext6                     text6        000000
__Ltext7                     text7        000000
__Ltext8                     text8        000000
__Ltext9                     text9        000000
__S0                         (abs)        001209
__S1                         (abs)        000022
__S4                         (abs)        000000
__S5                         (abs)        000000
___awdiv                     text8        000E06
___awdiv@counter             cstackCOMRAM 000007
___awdiv@dividend            cstackCOMRAM 000003
___awdiv@divisor             cstackCOMRAM 000005
___awdiv@quotient            cstackCOMRAM 000009
___awdiv@sign                cstackCOMRAM 000008
___heap_hi                   (abs)        000000
___heap_lo                   (abs)        000000
___inthi_sp                  stack        000000
___intlo_sp                  stack        000000
___lbdiv                     text7        001014
___lbdiv@counter             cstackCOMRAM 000005
___lbdiv@dividend            cstackCOMRAM 000004
___lbdiv@divisor             cstackCOMRAM 000003
___lbdiv@quotient            cstackCOMRAM 000006
___lbmod                     text6        0010E4
___lbmod@counter             cstackCOMRAM 000005
___lbmod@dividend            cstackCOMRAM 000004
___lbmod@divisor             cstackCOMRAM 000003
___lbmod@rem                 cstackCOMRAM 000006
___lwdiv                     text5        000EF0
___lwdiv@counter             cstackCOMRAM 000009
___lwdiv@dividend            cstackCOMRAM 000003
___lwdiv@divisor             cstackCOMRAM 000005
___lwdiv@quotient            cstackCOMRAM 000007
___lwmod                     text4        000F90
___lwmod@counter             cstackCOMRAM 000007
___lwmod@dividend            cstackCOMRAM 000003
___lwmod@divisor             cstackCOMRAM 000005
___param_bank                (abs)        000000
___rparam_used               (abs)        000001
___sp                        stack        000000
___wmul                      text3        00110E
___wmul@multiplicand         cstackCOMRAM 000005
___wmul@multiplier           cstackCOMRAM 000003
___wmul@product              cstackCOMRAM 000007
__accesstop                  (abs)        000060
__activetblptr               (abs)        000002
__end_of_BorraLCD            text17       0011BC
__end_of_ColorRGB            text23       000D7C
__end_of_Conversion          text22       0011D0
__end_of_DireccionaLCD       text12       0011A8
__end_of_EnviaDato           text18       001200
__end_of_EscribeLCD_c        text11       001192
__end_of_GuardarDatoEnEEPROM text21       00115A
__end_of_HabilitaLCD         text20       0011EC
__end_of_ISR                 intcode_body 000E06
__end_of_InicializaLCD       text16       001014
__end_of_LeerBit             text15       0010B8
__end_of_LeerByte            text14       00117C
__end_of_LeerHT11            text13       001088
__end_of_MensajeLCD_Word     text10       000F90
__end_of_Recibir             text25       001208
__end_of_RetardoLCD          text19       000EF0
__end_of_Transmitir          text9        0011F8
__end_of_TransmitirDatos     text2        000AB4
__end_of___awdiv             text8        000E8A
__end_of___lbdiv             text7        00104E
__end_of___lbmod             text6        00110E
__end_of___lwdiv             text5        000F42
__end_of___lwmod             text4        000FD2
__end_of___wmul              text3        001134
__end_of__initialization     cinit        0010D6
__end_of_leerDatoEnEEPROM    text1        0011DE
__end_of_main                text0        000C94
__initialization             cinit        0010B8
__mediumconst                mediumconst  000000
__pbssCOMRAM                 bssCOMRAM    000019
__pcinit                     cinit        0010B8
__pcstackCOMRAM              cstackCOMRAM 000001
__pdataCOMRAM                dataCOMRAM   000020
__pidataCOMRAM               idataCOMRAM  001208
__pintcode                   intcode      000008
__pintcode_body              intcode_body 000D7C
__psmallconst                smallconst   000800
__ptext0                     text0        000AB4
__ptext1                     text1        0011D0
__ptext10                    text10       000F42
__ptext11                    text11       00117C
__ptext12                    text12       001192
__ptext13                    text13       00104E
__ptext14                    text14       00115A
__ptext15                    text15       001088
__ptext16                    text16       000FD2
__ptext17                    text17       0011A8
__ptext18                    text18       0011F8
__ptext19                    text19       000E8A
__ptext2                     text2        000824
__ptext20                    text20       0011DE
__ptext21                    text21       001134
__ptext22                    text22       0011BC
__ptext23                    text23       000C94
__ptext25                    text25       001200
__ptext3                     text3        00110E
__ptext4                     text4        000F90
__ptext5                     text5        000EF0
__ptext6                     text6        0010E4
__ptext7                     text7        001014
__ptext8                     text8        000E06
__ptext9                     text9        0011EC
__ramtop                     ramtop       000800
__smallconst                 smallconst   000800
_interfaz                    dataCOMRAM   000020
_leerDatoEnEEPROM            text1        0011D0
_main                        text0        000AB4
btemp                        temp         000021
end_of_initialization        cinit        0010D6
int$flags                    temp         000021
int_func                     intcode_body 000D7C
intlevel0                    text         000000
intlevel1                    text         000000
intlevel2                    text         000000
intlevel3                    text         000000
isa$std                      (abs)        000001
isa$xinst                    (abs)        000000
leerDatoEnEEPROM@dir         cstackCOMRAM 000003
stackhi                      (abs)        000000
stacklo                      (abs)        000000
start                        init         00000E
start_initialization         cinit        0010B8
ttemp5                       temp         000022
ttemp6                       temp         000025
ttemp7                       temp         000029
wtemp8                       temp         000022


MODULE INFORMATION

Module		Function		Class		Link	Load	Size
Laboratorio5.c
		_ColorRGB      		CODE           	0C94	0000	232
		_GuardarDatoEnEEPROM		CODE           	1134	0000	38
		_TransmitirDatos		CODE           	0824	0000	656
		_ISR           		CODE           	0008	0000	144
		_LeerHT11      		CODE           	104E	0000	58
		_leerDatoEnEEPROM		CODE           	11D0	0000	14
		_main          		CODE           	0AB4	0000	480
		_LeerBit       		CODE           	1088	0000	48
		_Transmitir    		CODE           	11EC	0000	12
		_Conversion    		CODE           	11BC	0000	20
		_Recibir       		CODE           	1200	0000	8
		_LeerByte      		CODE           	115A	0000	34

Laboratorio5.c estimated size: 1744

LibLCDXC8.h
		_DireccionaLCD 		CODE           	1192	0000	22
		_InicializaLCD 		CODE           	0FD2	0000	66
		_EnviaDato     		CODE           	11F8	0000	8
		_EscribeLCD_c  		CODE           	117C	0000	22
		_HabilitaLCD   		CODE           	11DE	0000	14
		_BorraLCD      		CODE           	11A8	0000	20
		_RetardoLCD    		CODE           	0E8A	0000	102
		_MensajeLCD_Word		CODE           	0F42	0000	78

LibLCDXC8.h estimated size: 332

C:\Program Files\Microchip\xc8\v2.40\pic\sources\c90\common\awdiv.c
		___awdiv       		CODE           	0E06	0000	132

C:\Program Files\Microchip\xc8\v2.40\pic\sources\c90\common\awdiv.c estimated size: 132

C:\Program Files\Microchip\xc8\v2.40\pic\sources\c90\common\lbmod.c
		___lbmod       		CODE           	10E4	0000	42

C:\Program Files\Microchip\xc8\v2.40\pic\sources\c90\common\lbmod.c estimated size: 42

C:\Program Files\Microchip\xc8\v2.40\pic\sources\c90\common\Umul16.c
		___wmul        		CODE           	110E	0000	38

C:\Program Files\Microchip\xc8\v2.40\pic\sources\c90\common\Umul16.c estimated size: 38

C:\Program Files\Microchip\xc8\v2.40\pic\sources\c90\common\lbdiv.c
		___lbdiv       		CODE           	1014	0000	58

C:\Program Files\Microchip\xc8\v2.40\pic\sources\c90\common\lbdiv.c estimated size: 58

C:\Program Files\Microchip\xc8\v2.40\pic\sources\c90\common\lwmod.c
		___lwmod       		CODE           	0F90	0000	66

C:\Program Files\Microchip\xc8\v2.40\pic\sources\c90\common\lwmod.c estimated size: 66

shared
		__initialization		CODE           	10B8	0000	30

shared estimated size: 30

C:\Program Files\Microchip\xc8\v2.40\pic\sources\c90\common\lwdiv.c
		___lwdiv       		CODE           	0EF0	0000	82

C:\Program Files\Microchip\xc8\v2.40\pic\sources\c90\common\lwdiv.c estimated size: 82

