Microchip MPLAB XC8 Compiler V2.41

Linker command line:

-W-3 \
  --edf=C:\Program Files\Microchip\xc8\v2.41\pic\dat\20230208172133_en.msgs \
  -cn -h+dist/default/production\Laboratorio5.production.sym \
  --cmf=dist/default/production\Laboratorio5.production.cmf -z -Q18F4550 \
  -oC:\Users\OSQUIA~1\AppData\Local\Temp\xcAs3ag.\driver_tmp_3.obj \
  -Mdist/default/production/Laboratorio5.production.map \
  --md=C:\Users\OSQUIA~1\AppData\Local\Temp\xcAs3ag.\driver_tmp_0.dat -E1 \
  -ver=XC8 Compiler -ACODE=00h-07FFFh -ACONST=00h-07FFFh \
  -ASMALLCONST=0800h-08FFhx120 -AMEDIUMCONST=0800h-07FFFh -ACOMRAM=01h-05Fh \
  -AABS1=00h-07FFh -ABIGRAM=01h-07FFh -ARAM=060h-0FFh,0100h-01FFhx7 \
  -ABANK0=060h-0FFh -ABANK1=0100h-01FFh -ABANK2=0200h-02FFh \
  -ABANK3=0300h-03FFh -ABANK4=0400h-04FFh -ABANK5=0500h-05FFh \
  -ABANK6=0600h-06FFh -ABANK7=0700h-07FFh -ASFR=0F60h-0FFFh \
  -ABIGSFR=0F60h-0FFFh -ACONFIG=0300000h-030000Dh -AIDLOC=0200000h-0200007h \
  -AEEDATA=0F00000h-0F000FFh -peeprom_data=EEDATA \
  -preset_vec=00h,intcode=08h,intcodelo,powerup,init -pramtop=0800h \
  -psmallconst=SMALLCONST -pmediumconst=MEDIUMCONST -pconst=CONST \
  -AFARRAM=00h-00h \
  -prdata=COMRAM,nvrram=COMRAM,nvbit=COMRAM,rbss=COMRAM,rbit=COMRAM \
  -pfarbss=FARRAM,fardata=FARRAM,nvFARRAM=FARRAM \
  -pintsave_regs=BIGRAM,bigbss=BIGRAM,bigdata=BIGRAM -pbss=RAM \
  -pidata=CODE,irdata=CODE,ibigdata=CODE,ifardata=CODE -prparam=COMRAM \
  C:\Users\OSQUIA~1\AppData\Local\Temp\xcAs3ag.\driver_tmp_9.obj \
  dist/default/production\Laboratorio5.production.obj 

Object code version is 3.11

Machine type is 18F4550



                Name                               Link     Load   Length Selector   Space Scale
C:\Users\OSQUIA~1\AppData\Local\Temp\xcAs3ag.\driver_tmp_9.obj
                idloc                            200000   200000        8        0       5
                config                           300000   300000        E        0       4
                init                                  E        E        4        4       0
                reset_vec                             0        0        4        0       0
dist/default/production\Laboratorio5.production.obj
                intcode                               8        8        6        4       0
                idloc                            200000   200000        8        0       5
                config                           300000   300000        E        0       4
                temp                                 23       23        1        1       1
                smallconst                          800      800       24      400       0
                text26                             12B2     12B2        8      412       0
                intcode_body                        E18      E18       8A      412       0
                text24                              C94      C94       E8      412       0
                text23                             121E     121E       18      412       0
                text22                             1276     1276       14      412       0
                text21                             11D6     11D6       26      412       0
                text20                             1298     1298        E      412       0
                text19                              F26      F26       66      412       0
                text18                             102C     102C       46      412       0
                text17                             1262     1262       14      412       0
                text16                              D7C      D7C       9C      412       0
                text15                             112A     112A       30      412       0
                text14                             11FC     11FC       22      412       0
                text13                             10B4     10B4       3C      412       0
                text12                             124C     124C       16      412       0
                text11                             1236     1236       16      412       0
                text10                              FDE      FDE       4E      412       0
                text9                              12A6     12A6        C      412       0
                text8                               EA2      EA2       84      412       0
                text7                              10F0     10F0       3A      412       0
                text6                              1186     1186       2A      412       0
                text5                               F8C      F8C       52      412       0
                text4                              1072     1072       42      412       0
                text3                              11B0     11B0       26      412       0
                text2                               824      824      290      412       0
                text1                              128A     128A        E      412       0
                text0                               AB4      AB4      1E0      412       0
                cstackCOMRAM                          1        1       19        1       1
                dataCOMRAM                           22       22        1        1       1
                bssCOMRAM                            1A       1A        8        1       1
                cinit                              115A     115A       2C      412       0
                idataCOMRAM                        12BA     12BA        1      412       0

TOTAL           Name                               Link     Load   Length     Space
        CLASS   CODE           
                intcode                               8        8        6         0
                init                                  E        E        4         0
                reset_vec                             0        0        4         0
                text26                             12B2     12B2        8         0
                intcode_body                        E18      E18       8A         0
                text24                              C94      C94       E8         0
                text23                             121E     121E       18         0
                text22                             1276     1276       14         0
                text21                             11D6     11D6       26         0
                text20                             1298     1298        E         0
                text19                              F26      F26       66         0
                text18                             102C     102C       46         0
                text17                             1262     1262       14         0
                text16                              D7C      D7C       9C         0
                text15                             112A     112A       30         0
                text14                             11FC     11FC       22         0
                text13                             10B4     10B4       3C         0
                text12                             124C     124C       16         0
                text11                             1236     1236       16         0
                text10                              FDE      FDE       4E         0
                text9                              12A6     12A6        C         0
                text8                               EA2      EA2       84         0
                text7                              10F0     10F0       3A         0
                text6                              1186     1186       2A         0
                text5                               F8C      F8C       52         0
                text4                              1072     1072       42         0
                text3                              11B0     11B0       26         0
                text2                               824      824      290         0
                text1                              128A     128A        E         0
                text0                               AB4      AB4      1E0         0
                cinit                              115A     115A       2C         0
                idataCOMRAM                        12BA     12BA        1         0

        CLASS   CONST          

        CLASS   SMALLCONST     
                smallconst                          800      800       24         0

        CLASS   MEDIUMCONST    

        CLASS   COMRAM         
                temp                                 23       23        1         1
                cstackCOMRAM                          1        1       19         1
                dataCOMRAM                           22       22        1         1
                bssCOMRAM                            1A       1A        8         1

        CLASS   ABS1           

        CLASS   BIGRAM         

        CLASS   RAM            

        CLASS   BANK0          

        CLASS   BANK1          

        CLASS   BANK2          

        CLASS   BANK3          

        CLASS   BANK4          

        CLASS   BANK5          

        CLASS   BANK6          

        CLASS   BANK7          

        CLASS   SFR            

        CLASS   BIGSFR         

        CLASS   CONFIG         
                config                           300000   300000        E         4

        CLASS   IDLOC          
                idloc                            200000   200000        8         5

        CLASS   EEDATA         

        CLASS   FARRAM         

        CLASS   HEAP           

        CLASS   STACK          



SEGMENTS        Name                           Load    Length   Top    Selector   Space  Class

                reset_vec                      000000  000004  000004         0       0  CODE    
                cstackCOMRAM                   000001  000023  000024         1       1  COMRAM  
                intcode                        000008  00000A  000012         4       0  CODE    
                smallconst                     000800  000024  000824       400       0  SMALLCON
                text2                          000824  000A97  0012BB       412       0  CODE    


UNUSED ADDRESS RANGES

        Name                Unused          Largest block    Delta
        BANK0            000060-0000FF               A0
        BANK1            000100-0001FF              100
        BANK2            000200-0002FF              100
        BANK3            000300-0003FF              100
        BANK4            000400-0004FF              100
        BANK5            000500-0005FF              100
        BANK6            000600-0006FF              100
        BANK7            000700-0007FF              100
        BIGRAM           000024-0007FF              7DC
        BIGSFR           000F60-000FFF               A0
        CODE             000004-000007                4
                         000012-0007FF              7EE
                         0012BB-007FFF             6D45
        COMRAM           000024-00005F               3C
        CONST            000004-000007                4
                         000012-0007FF              7EE
                         0012BB-007FFF             6D45
        EEDATA           F00000-F000FF              100
        MEDIUMCONST      0012BB-007FFF             6D45
        RAM              000060-0007FF              100
        SFR              000F60-000FFF               A0
        SMALLCONST       0012BB-007FFF              100

                                  Symbol Table

?___awdiv                    cstackCOMRAM 000003
?___lwdiv                    cstackCOMRAM 000003
?___lwmod                    cstackCOMRAM 000003
?___wmul                     cstackCOMRAM 000003
ColorRGB@val                 cstackCOMRAM 000003
ConfiguraLCD@a               cstackCOMRAM 000003
Conversion@canal             cstackCOMRAM 000003
DireccionaLCD@a              cstackCOMRAM 000007
EnviaDato@a                  cstackCOMRAM 000006
EscribeLCD_c@a               cstackCOMRAM 000007
GuardarDatoEnEEPROM@dato     cstackCOMRAM 000005
GuardarDatoEnEEPROM@dir      cstackCOMRAM 000003
LeerBit@res                  cstackCOMRAM 000003
LeerByte@i                   cstackCOMRAM 000006
LeerByte@res                 cstackCOMRAM 000005
MensajeLCD_Word@a            cstackCOMRAM 000008
MensajeLCD_Word@i            cstackCOMRAM 00000A
RetardoLCD@a                 cstackCOMRAM 000004
Transmitir@BufferT           cstackCOMRAM 000003
TransmitirDatos@Ent1         cstackCOMRAM 00000C
TransmitirDatos@Ent2         cstackCOMRAM 00000E
TransmitirDatos@Simb         cstackCOMRAM 000014
TransmitirDatos@TempC        cstackCOMRAM 000016
TransmitirDatos@n            cstackCOMRAM 000012
_A                           bssCOMRAM    00001C
_ADCON0                      (abs)        000FC2
_ADCON1                      (abs)        000FC1
_ADCON2                      (abs)        000FC0
_ADRES                       (abs)        000FC3
_B                           bssCOMRAM    00001A
_BAUDCON                     (abs)        000FB8
_BorraLCD                    text17       001262
_CFGS                        (abs)        007D36
_Che                         bssCOMRAM    00001F
_ColorRGB                    text24       000C94
_ConfiguraLCD                text23       00121E
_Conversion                  text22       001276
_DireccionaLCD               text12       00124C
_EEADR                       (abs)        000FA9
_EECON2                      (abs)        000FA7
_EEDATA                      (abs)        000FA8
_EEIF                        (abs)        007D0C
_EEPGD                       (abs)        007D37
_EnviaDato                   text18       00102C
_EscribeLCD_c                text11       001236
_GIE                         (abs)        007F97
_GO                          (abs)        007E11
_GuardarDatoEnEEPROM         text21       0011D6
_HabilitaLCD                 text20       001298
_Hum                         bssCOMRAM    000020
_ISR                         intcode      000008
_InicializaLCD               text16       000D7C
_LATC2                       (abs)        007C5A
_LATD                        (abs)        000F8C
_LATD6                       (abs)        007C66
_LATD7                       (abs)        007C67
_LeerBit                     text15       00112A
_LeerByte                    text14       0011FC
_LeerHT11                    text13       0010B4
_MensajeLCD_Word             text10       000FDE
_OSCCON                      (abs)        000FD3
_RB0                         (abs)        007C08
_RB5                         (abs)        007C0D
_RB6                         (abs)        007C0E
_RB7                         (abs)        007C0F
_RBPU                        (abs)        007F8F
_RC0                         (abs)        007C10
_RC1                         (abs)        007C11
_RC2                         (abs)        007C12
_RC4                         (abs)        007C14
_RC5                         (abs)        007C15
_RCIF                        (abs)        007CF5
_RCREG                       (abs)        000FAE
_RCSTA                       (abs)        000FAB
_RD                          (abs)        007D30
_Recibir                     text26       0012B2
_RetardoLCD                  text19       000F26
_SPBRG                       (abs)        000FAF
_T0CON                       (abs)        000FD5
_TMR0                        (abs)        000FD6
_TMR0IE                      (abs)        007F95
_TMR0IF                      (abs)        007F92
_TMR0ON                      (abs)        007EAF
_TRISA                       (abs)        000F92
_TRISB                       (abs)        000F93
_TRISC                       (abs)        000F94
_TRISC2                      (abs)        007CA2
_TRISD                       (abs)        000F95
_TRMT                        (abs)        007D61
_TXREG                       (abs)        000FAD
_TXSTA                       (abs)        000FAC
_Temp                        bssCOMRAM    000021
_TempEEPROM                  bssCOMRAM    00001E
_Transmitir                  text9        0012A6
_TransmitirDatos             text2        000824
_USBEN                       (abs)        007B6B
_UTRDIS                      (abs)        007B7B
_WR                          (abs)        007D31
_WREN                        (abs)        007D32
__HRAM                       (abs)        000000
__H__absolute__              __absolute__ 000000
__Habs1                      abs1         000000
__Hbank0                     bank0        000000
__Hbank1                     bank1        000000
__Hbank2                     bank2        000000
__Hbank3                     bank3        000000
__Hbank4                     bank4        000000
__Hbank5                     bank5        000000
__Hbank6                     bank6        000000
__Hbank7                     bank7        000000
__Hbigbss                    bigbss       000000
__Hbigdata                   bigdata      000000
__Hbigram                    bigram       000000
__Hbigsfr                    bigsfr       000000
__Hbss                       bss          000000
__HbssCOMRAM                 bssCOMRAM    000000
__Hcinit                     cinit        000000
__Hclrtext                   clrtext      000000
__Hcomram                    comram       000000
__Hconfig                    config       30000E
__Hconst                     const        000000
__HcstackCOMRAM              cstackCOMRAM 000000
__Hdata                      data         000000
__HdataCOMRAM                dataCOMRAM   000000
__Heeprom_data               eeprom_data  000000
__Hfarbss                    farbss       000000
__Hfardata                   fardata      000000
__Hheap                      heap         000000
__Hibigdata                  ibigdata     000000
__Hidata                     idata        000000
__HidataCOMRAM               idataCOMRAM  000000
__Hidloc                     idloc        200008
__Hifardata                  ifardata     000000
__Hinit                      init         000012
__Hintcode                   intcode      00000E
__Hintcode_body              intcode_body 000000
__Hintcodelo                 intcodelo    00000E
__Hintentry                  intentry     000000
__Hintret                    intret       000000
__Hintsave_regs              intsave_regs 000000
__Hirdata                    irdata       000000
__Hmediumconst               mediumconst  000000
__HnvFARRAM                  nvFARRAM     000000
__Hnvbit                     nvbit        000000
__Hnvrram                    nvrram       000000
__Hparam                     rparam       000000
__Hpowerup                   powerup      00000E
__Hram                       ram          000000
__Hramtop                    ramtop       000800
__Hrbit                      rbit         000000
__Hrbss                      rbss         000000
__Hrdata                     rdata        000000
__Hreset_vec                 reset_vec    000004
__Hrparam                    rparam       000000
__Hsfr                       sfr          000000
__Hsmallconst                smallconst   000824
__Hspace_0                   (abs)        0012BB
__Hspace_1                   (abs)        000024
__Hspace_2                   (abs)        000000
__Hspace_4                   (abs)        60000E
__Hstack                     stack        000000
__Hstruct                    struct       000000
__Htemp                      temp         000024
__Htext                      text         000000
__Htext0                     text0        000000
__Htext1                     text1        000000
__Htext10                    text10       000000
__Htext11                    text11       000000
__Htext12                    text12       000000
__Htext13                    text13       000000
__Htext14                    text14       000000
__Htext15                    text15       000000
__Htext16                    text16       000000
__Htext17                    text17       000000
__Htext18                    text18       000000
__Htext19                    text19       000000
__Htext2                     text2        000000
__Htext20                    text20       000000
__Htext21                    text21       000000
__Htext22                    text22       000000
__Htext23                    text23       000000
__Htext24                    text24       000000
__Htext26                    text26       000000
__Htext3                     text3        000000
__Htext4                     text4        000000
__Htext5                     text5        000000
__Htext6                     text6        000000
__Htext7                     text7        000000
__Htext8                     text8        000000
__Htext9                     text9        000000
__LRAM                       (abs)        000001
__L__absolute__              __absolute__ 000000
__Labs1                      abs1         000000
__Lbank0                     bank0        000000
__Lbank1                     bank1        000000
__Lbank2                     bank2        000000
__Lbank3                     bank3        000000
__Lbank4                     bank4        000000
__Lbank5                     bank5        000000
__Lbank6                     bank6        000000
__Lbank7                     bank7        000000
__Lbigbss                    bigbss       000000
__Lbigdata                   bigdata      000000
__Lbigram                    bigram       000000
__Lbigsfr                    bigsfr       000000
__Lbss                       bss          000000
__LbssCOMRAM                 bssCOMRAM    000000
__Lcinit                     cinit        000000
__Lclrtext                   clrtext      000000
__Lcomram                    comram       000000
__Lconfig                    config       000000
__Lconst                     const        000000
__LcstackCOMRAM              cstackCOMRAM 000000
__Ldata                      data         000000
__LdataCOMRAM                dataCOMRAM   000000
__Leeprom_data               eeprom_data  000000
__Lfarbss                    farbss       000000
__Lfardata                   fardata      000000
__Lheap                      heap         000000
__Libigdata                  ibigdata     000000
__Lidata                     idata        000000
__LidataCOMRAM               idataCOMRAM  000000
__Lidloc                     idloc        000000
__Lifardata                  ifardata     000000
__Linit                      init         00000E
__Lintcode                   intcode      000008
__Lintcode_body              intcode_body 000000
__Lintcodelo                 intcodelo    00000E
__Lintentry                  intentry     000000
__Lintret                    intret       000000
__Lintsave_regs              intsave_regs 000000
__Lirdata                    irdata       000000
__Lmediumconst               mediumconst  000000
__LnvFARRAM                  nvFARRAM     000000
__Lnvbit                     nvbit        000000
__Lnvrram                    nvrram       000000
__Lparam                     rparam       000000
__Lpowerup                   powerup      00000E
__Lram                       ram          000000
__Lramtop                    ramtop       000800
__Lrbit                      rbit         000000
__Lrbss                      rbss         000000
__Lrdata                     rdata        000000
__Lreset_vec                 reset_vec    000000
__Lrparam                    rparam       000000
__Lsfr                       sfr          000000
__Lsmallconst                smallconst   000800
__Lspace_0                   (abs)        000000
__Lspace_1                   (abs)        000000
__Lspace_2                   (abs)        000000
__Lspace_4                   (abs)        000000
__Lstack                     stack        000000
__Lstruct                    struct       000000
__Ltemp                      temp         000023
__Ltext                      text         000000
__Ltext0                     text0        000000
__Ltext1                     text1        000000
__Ltext10                    text10       000000
__Ltext11                    text11       000000
__Ltext12                    text12       000000
__Ltext13                    text13       000000
__Ltext14                    text14       000000
__Ltext15                    text15       000000
__Ltext16                    text16       000000
__Ltext17                    text17       000000
__Ltext18                    text18       000000
__Ltext19                    text19       000000
__Ltext2                     text2        000000
__Ltext20                    text20       000000
__Ltext21                    text21       000000
__Ltext22                    text22       000000
__Ltext23                    text23       000000
__Ltext24                    text24       000000
__Ltext26                    text26       000000
__Ltext3                     text3        000000
__Ltext4                     text4        000000
__Ltext5                     text5        000000
__Ltext6                     text6        000000
__Ltext7                     text7        000000
__Ltext8                     text8        000000
__Ltext9                     text9        000000
__S0                         (abs)        0012BB
__S1                         (abs)        000024
__S4                         (abs)        000000
__S5                         (abs)        000000
___awdiv                     text8        000EA2
___awdiv@counter             cstackCOMRAM 000007
___awdiv@dividend            cstackCOMRAM 000003
___awdiv@divisor             cstackCOMRAM 000005
___awdiv@quotient            cstackCOMRAM 000009
___awdiv@sign                cstackCOMRAM 000008
___heap_hi                   (abs)        000000
___heap_lo                   (abs)        000000
___inthi_sp                  stack        000000
___intlo_sp                  stack        000000
___lbdiv                     text7        0010F0
___lbdiv@counter             cstackCOMRAM 000005
___lbdiv@dividend            cstackCOMRAM 000004
___lbdiv@divisor             cstackCOMRAM 000003
___lbdiv@quotient            cstackCOMRAM 000006
___lbmod                     text6        001186
___lbmod@counter             cstackCOMRAM 000005
___lbmod@dividend            cstackCOMRAM 000004
___lbmod@divisor             cstackCOMRAM 000003
___lbmod@rem                 cstackCOMRAM 000006
___lwdiv                     text5        000F8C
___lwdiv@counter             cstackCOMRAM 000009
___lwdiv@dividend            cstackCOMRAM 000003
___lwdiv@divisor             cstackCOMRAM 000005
___lwdiv@quotient            cstackCOMRAM 000007
___lwmod                     text4        001072
___lwmod@counter             cstackCOMRAM 000007
___lwmod@dividend            cstackCOMRAM 000003
___lwmod@divisor             cstackCOMRAM 000005
___param_bank                (abs)        000000
___rparam_used               (abs)        000001
___sp                        stack        000000
___wmul                      text3        0011B0
___wmul@multiplicand         cstackCOMRAM 000005
___wmul@multiplier           cstackCOMRAM 000003
___wmul@product              cstackCOMRAM 000007
__accesstop                  (abs)        000060
__activetblptr               (abs)        000002
__end_of_BorraLCD            text17       001276
__end_of_ColorRGB            text24       000D7C
__end_of_ConfiguraLCD        text23       001236
__end_of_Conversion          text22       00128A
__end_of_DireccionaLCD       text12       001262
__end_of_EnviaDato           text18       001072
__end_of_EscribeLCD_c        text11       00124C
__end_of_GuardarDatoEnEEPROM text21       0011FC
__end_of_HabilitaLCD         text20       0012A6
__end_of_ISR                 intcode_body 000EA2
__end_of_InicializaLCD       text16       000E18
__end_of_LeerBit             text15       00115A
__end_of_LeerByte            text14       00121E
__end_of_LeerHT11            text13       0010F0
__end_of_MensajeLCD_Word     text10       00102C
__end_of_Recibir             text26       0012BA
__end_of_RetardoLCD          text19       000F8C
__end_of_Transmitir          text9        0012B2
__end_of_TransmitirDatos     text2        000AB4
__end_of___awdiv             text8        000F26
__end_of___lbdiv             text7        00112A
__end_of___lbmod             text6        0011B0
__end_of___lwdiv             text5        000FDE
__end_of___lwmod             text4        0010B4
__end_of___wmul              text3        0011D6
__end_of__initialization     cinit        001178
__end_of_leerDatoEnEEPROM    text1        001298
__end_of_main                text0        000C94
__initialization             cinit        00115A
__mediumconst                mediumconst  000000
__pbssCOMRAM                 bssCOMRAM    00001A
__pcinit                     cinit        00115A
__pcstackCOMRAM              cstackCOMRAM 000001
__pdataCOMRAM                dataCOMRAM   000022
__pidataCOMRAM               idataCOMRAM  0012BA
__pintcode                   intcode      000008
__pintcode_body              intcode_body 000E18
__psmallconst                smallconst   000800
__ptext0                     text0        000AB4
__ptext1                     text1        00128A
__ptext10                    text10       000FDE
__ptext11                    text11       001236
__ptext12                    text12       00124C
__ptext13                    text13       0010B4
__ptext14                    text14       0011FC
__ptext15                    text15       00112A
__ptext16                    text16       000D7C
__ptext17                    text17       001262
__ptext18                    text18       00102C
__ptext19                    text19       000F26
__ptext2                     text2        000824
__ptext20                    text20       001298
__ptext21                    text21       0011D6
__ptext22                    text22       001276
__ptext23                    text23       00121E
__ptext24                    text24       000C94
__ptext26                    text26       0012B2
__ptext3                     text3        0011B0
__ptext4                     text4        001072
__ptext5                     text5        000F8C
__ptext6                     text6        001186
__ptext7                     text7        0010F0
__ptext8                     text8        000EA2
__ptext9                     text9        0012A6
__ramtop                     ramtop       000800
__smallconst                 smallconst   000800
_interfaz                    dataCOMRAM   000022
_leerDatoEnEEPROM            text1        00128A
_main                        text0        000AB4
btemp                        temp         000023
end_of_initialization        cinit        001178
int$flags                    temp         000023
int_func                     intcode_body 000E18
intlevel0                    text         000000
intlevel1                    text         000000
intlevel2                    text         000000
intlevel3                    text         000000
isa$std                      (abs)        000001
isa$xinst                    (abs)        000000
leerDatoEnEEPROM@dir         cstackCOMRAM 000003
stackhi                      (abs)        000000
stacklo                      (abs)        000000
start                        init         00000E
start_initialization         cinit        00115A
ttemp5                       temp         000024
ttemp6                       temp         000027
ttemp7                       temp         00002B
wtemp8                       temp         000024


MODULE INFORMATION

Module		Function		Class		Link	Load	Size
Laboratorio5.c
		_ColorRGB      		CODE           	0C94	0000	232
		_GuardarDatoEnEEPROM		CODE           	11D6	0000	38
		_TransmitirDatos		CODE           	0824	0000	656
		_ISR           		CODE           	0008	0000	144
		_LeerHT11      		CODE           	10B4	0000	60
		_leerDatoEnEEPROM		CODE           	128A	0000	14
		_main          		CODE           	0AB4	0000	480
		_LeerBit       		CODE           	112A	0000	48
		_Transmitir    		CODE           	12A6	0000	12
		_Conversion    		CODE           	1276	0000	20
		_Recibir       		CODE           	12B2	0000	8
		_LeerByte      		CODE           	11FC	0000	34

Laboratorio5.c estimated size: 1746

LibLCDXC8.h
		_DireccionaLCD 		CODE           	124C	0000	22
		_InicializaLCD 		CODE           	0D7C	0000	156
		_EnviaDato     		CODE           	102C	0000	70
		_EscribeLCD_c  		CODE           	1236	0000	22
		_HabilitaLCD   		CODE           	1298	0000	14
		_ConfiguraLCD  		CODE           	121E	0000	24
		_BorraLCD      		CODE           	1262	0000	20
		_RetardoLCD    		CODE           	0F26	0000	102
		_MensajeLCD_Word		CODE           	0FDE	0000	78

LibLCDXC8.h estimated size: 508

C:\Program Files\Microchip\xc8\v2.41\pic\sources\c90\common\Umul16.c
		___wmul        		CODE           	11B0	0000	38

C:\Program Files\Microchip\xc8\v2.41\pic\sources\c90\common\Umul16.c estimated size: 38

C:\Program Files\Microchip\xc8\v2.41\pic\sources\c90\common\lwdiv.c
		___lwdiv       		CODE           	0F8C	0000	82

C:\Program Files\Microchip\xc8\v2.41\pic\sources\c90\common\lwdiv.c estimated size: 82

C:\Program Files\Microchip\xc8\v2.41\pic\sources\c90\common\awdiv.c
		___awdiv       		CODE           	0EA2	0000	132

C:\Program Files\Microchip\xc8\v2.41\pic\sources\c90\common\awdiv.c estimated size: 132

C:\Program Files\Microchip\xc8\v2.41\pic\sources\c90\common\lbmod.c
		___lbmod       		CODE           	1186	0000	42

C:\Program Files\Microchip\xc8\v2.41\pic\sources\c90\common\lbmod.c estimated size: 42

shared
		__initialization		CODE           	115A	0000	30

shared estimated size: 30

C:\Program Files\Microchip\xc8\v2.41\pic\sources\c90\common\lbdiv.c
		___lbdiv       		CODE           	10F0	0000	58

C:\Program Files\Microchip\xc8\v2.41\pic\sources\c90\common\lbdiv.c estimated size: 58

C:\Program Files\Microchip\xc8\v2.41\pic\sources\c90\common\lwmod.c
		___lwmod       		CODE           	1072	0000	66

C:\Program Files\Microchip\xc8\v2.41\pic\sources\c90\common\lwmod.c estimated size: 66

