Microchip MPLAB XC8 Compiler V2.41

Linker command line:

-W-3 \
  --edf=C:\Program Files\Microchip\xc8\v2.41\pic\dat\20230208172133_en.msgs \
  -cn -h+dist/default/production\Laboratorio5.production.sym \
  --cmf=dist/default/production\Laboratorio5.production.cmf -z -Q18F4550 \
  -oC:\Users\OSQUIA~1\AppData\Local\Temp\xcAs8a0.\driver_tmp_3.obj \
  -Mdist/default/production/Laboratorio5.production.map \
  --md=C:\Users\OSQUIA~1\AppData\Local\Temp\xcAs8a0.\driver_tmp_0.dat -E1 \
  -ver=XC8 Compiler -ACODE=00h-07FFFh -ACONST=00h-07FFFh \
  -ASMALLCONST=0800h-08FFhx120 -AMEDIUMCONST=0800h-07FFFh -ACOMRAM=01h-05Fh \
  -AABS1=00h-07FFh -ABIGRAM=01h-07FFh -ARAM=060h-0FFh,0100h-01FFhx7 \
  -ABANK0=060h-0FFh -ABANK1=0100h-01FFh -ABANK2=0200h-02FFh \
  -ABANK3=0300h-03FFh -ABANK4=0400h-04FFh -ABANK5=0500h-05FFh \
  -ABANK6=0600h-06FFh -ABANK7=0700h-07FFh -ASFR=0F60h-0FFFh \
  -ABIGSFR=0F60h-0FFFh -ACONFIG=0300000h-030000Dh -AIDLOC=0200000h-0200007h \
  -AEEDATA=0F00000h-0F000FFh -peeprom_data=EEDATA \
  -preset_vec=00h,intcode=08h,intcodelo,powerup,init -pramtop=0800h \
  -psmallconst=SMALLCONST -pmediumconst=MEDIUMCONST -pconst=CONST \
  -AFARRAM=00h-00h \
  -prdata=COMRAM,nvrram=COMRAM,nvbit=COMRAM,rbss=COMRAM,rbit=COMRAM \
  -pfarbss=FARRAM,fardata=FARRAM,nvFARRAM=FARRAM \
  -pintsave_regs=BIGRAM,bigbss=BIGRAM,bigdata=BIGRAM -pbss=RAM \
  -pidata=CODE,irdata=CODE,ibigdata=CODE,ifardata=CODE -prparam=COMRAM \
  C:\Users\OSQUIA~1\AppData\Local\Temp\xcAs8a0.\driver_tmp_9.obj \
  dist/default/production\Laboratorio5.production.obj 

Object code version is 3.11

Machine type is 18F4550



                Name                               Link     Load   Length Selector   Space Scale
C:\Users\OSQUIA~1\AppData\Local\Temp\xcAs8a0.\driver_tmp_9.obj
                idloc                            200000   200000        8        0       5
                config                           300000   300000        E        0       4
                init                                  E        E        4        4       0
                reset_vec                             0        0        4        0       0
dist/default/production\Laboratorio5.production.obj
                intcode                               8        8        6        4       0
                idloc                            200000   200000        8        0       5
                config                           300000   300000        E        0       4
                temp                                 21       21        1        1       1
                smallconst                          800      800       24      400       0
                text26                             120A     120A        8      412       0
                intcode_body                        D72      D72       8A      412       0
                text24                              C8A      C8A       E8      412       0
                text23                             11C6     11C6       14      412       0
                text22                             113E     113E       26      412       0
                text21                             11E8     11E8        E      412       0
                text20                              E80      E80       66      412       0
                text19                             1202     1202        8      412       0
                text18                             11B2     11B2       14      412       0
                text17                              F7A      F7A       42      412       0
                text16                             106A     106A       30      412       0
                text15                             1164     1164       22      412       0
                text14                             1030     1030       3A      412       0
                text13                             119C     119C       16      412       0
                text12                             1186     1186       16      412       0
                text11                             10F0     10F0       28      412       0
                text10                              FF6      FF6       3A      412       0
                text9                              11F6     11F6        C      412       0
                text8                               DFC      DFC       84      412       0
                text7                               FBC      FBC       3A      412       0
                text6                              10C6     10C6       2A      412       0
                text5                               EE6      EE6       52      412       0
                text4                               F38      F38       42      412       0
                text3                              1118     1118       26      412       0
                text2                               824      824      290      412       0
                text1                              11DA     11DA        E      412       0
                text0                               AB4      AB4      1D6      412       0
                cstackCOMRAM                          1        1       18        1       1
                dataCOMRAM                           20       20        1        1       1
                bssCOMRAM                            19       19        7        1       1
                cinit                              109A     109A       2C      412       0
                idataCOMRAM                        1212     1212        1      412       0

TOTAL           Name                               Link     Load   Length     Space
        CLASS   CODE           
                intcode                               8        8        6         0
                init                                  E        E        4         0
                reset_vec                             0        0        4         0
                text26                             120A     120A        8         0
                intcode_body                        D72      D72       8A         0
                text24                              C8A      C8A       E8         0
                text23                             11C6     11C6       14         0
                text22                             113E     113E       26         0
                text21                             11E8     11E8        E         0
                text20                              E80      E80       66         0
                text19                             1202     1202        8         0
                text18                             11B2     11B2       14         0
                text17                              F7A      F7A       42         0
                text16                             106A     106A       30         0
                text15                             1164     1164       22         0
                text14                             1030     1030       3A         0
                text13                             119C     119C       16         0
                text12                             1186     1186       16         0
                text11                             10F0     10F0       28         0
                text10                              FF6      FF6       3A         0
                text9                              11F6     11F6        C         0
                text8                               DFC      DFC       84         0
                text7                               FBC      FBC       3A         0
                text6                              10C6     10C6       2A         0
                text5                               EE6      EE6       52         0
                text4                               F38      F38       42         0
                text3                              1118     1118       26         0
                text2                               824      824      290         0
                text1                              11DA     11DA        E         0
                text0                               AB4      AB4      1D6         0
                cinit                              109A     109A       2C         0
                idataCOMRAM                        1212     1212        1         0

        CLASS   CONST          

        CLASS   SMALLCONST     
                smallconst                          800      800       24         0

        CLASS   MEDIUMCONST    

        CLASS   COMRAM         
                temp                                 21       21        1         1
                cstackCOMRAM                          1        1       18         1
                dataCOMRAM                           20       20        1         1
                bssCOMRAM                            19       19        7         1

        CLASS   ABS1           

        CLASS   BIGRAM         

        CLASS   RAM            

        CLASS   BANK0          

        CLASS   BANK1          

        CLASS   BANK2          

        CLASS   BANK3          

        CLASS   BANK4          

        CLASS   BANK5          

        CLASS   BANK6          

        CLASS   BANK7          

        CLASS   SFR            

        CLASS   BIGSFR         

        CLASS   CONFIG         
                config                           300000   300000        E         4

        CLASS   IDLOC          
                idloc                            200000   200000        8         5

        CLASS   EEDATA         

        CLASS   FARRAM         

        CLASS   HEAP           

        CLASS   STACK          



SEGMENTS        Name                           Load    Length   Top    Selector   Space  Class

                reset_vec                      000000  000004  000004         0       0  CODE    
                cstackCOMRAM                   000001  000021  000022         1       1  COMRAM  
                intcode                        000008  00000A  000012         4       0  CODE    
                smallconst                     000800  000024  000824       400       0  SMALLCON
                text2                          000824  0009EF  001213       412       0  CODE    


UNUSED ADDRESS RANGES

        Name                Unused          Largest block    Delta
        BANK0            000060-0000FF               A0
        BANK1            000100-0001FF              100
        BANK2            000200-0002FF              100
        BANK3            000300-0003FF              100
        BANK4            000400-0004FF              100
        BANK5            000500-0005FF              100
        BANK6            000600-0006FF              100
        BANK7            000700-0007FF              100
        BIGRAM           000022-0007FF              7DE
        BIGSFR           000F60-000FFF               A0
        CODE             000004-000007                4
                         000012-0007FF              7EE
                         001213-007FFF             6DED
        COMRAM           000022-00005F               3E
        CONST            000004-000007                4
                         000012-0007FF              7EE
                         001213-007FFF             6DED
        EEDATA           F00000-F000FF              100
        MEDIUMCONST      001213-007FFF             6DED
        RAM              000060-0007FF              100
        SFR              000F60-000FFF               A0
        SMALLCONST       001213-007FFF              100

                                  Symbol Table

?___awdiv                    cstackCOMRAM 000003
?___lwdiv                    cstackCOMRAM 000003
?___lwmod                    cstackCOMRAM 000003
?___wmul                     cstackCOMRAM 000003
?_strlen                     cstackCOMRAM 000003
ColorRGB@val                 cstackCOMRAM 000003
Conversion@canal             cstackCOMRAM 000003
DireccionaLCD@a              cstackCOMRAM 000006
EnviaDato@a                  cstackCOMRAM 000005
EscribeLCD_c@a               cstackCOMRAM 000006
GuardarDatoEnEEPROM@dato     cstackCOMRAM 000005
GuardarDatoEnEEPROM@dir      cstackCOMRAM 000003
LeerBit@res                  cstackCOMRAM 000003
LeerByte@i                   cstackCOMRAM 000006
LeerByte@res                 cstackCOMRAM 000005
MensajeLCD_Word@a            cstackCOMRAM 000007
MensajeLCD_Word@i            cstackCOMRAM 000009
RetardoLCD@a                 cstackCOMRAM 000004
Transmitir@BufferT           cstackCOMRAM 000003
TransmitirDatos@Ent1         cstackCOMRAM 00000B
TransmitirDatos@Ent2         cstackCOMRAM 00000D
TransmitirDatos@Simb         cstackCOMRAM 000013
TransmitirDatos@TempC        cstackCOMRAM 000015
TransmitirDatos@n            cstackCOMRAM 000011
_A                           bssCOMRAM    00001B
_ADCON0                      (abs)        000FC2
_ADCON1                      (abs)        000FC1
_ADCON2                      (abs)        000FC0
_ADRES                       (abs)        000FC3
_B                           bssCOMRAM    000019
_BAUDCON                     (abs)        000FB8
_BorraLCD                    text18       0011B2
_CFGS                        (abs)        007D36
_ColorRGB                    text24       000C8A
_Conversion                  text23       0011C6
_DireccionaLCD               text13       00119C
_EEADR                       (abs)        000FA9
_EECON2                      (abs)        000FA7
_EEDATA                      (abs)        000FA8
_EEIF                        (abs)        007D0C
_EEPGD                       (abs)        007D37
_EnviaDato                   text19       001202
_EscribeLCD_c                text12       001186
_GIE                         (abs)        007F97
_GO                          (abs)        007E11
_GuardarDatoEnEEPROM         text22       00113E
_HabilitaLCD                 text21       0011E8
_Hum                         bssCOMRAM    00001E
_ISR                         intcode      000008
_InicializaLCD               text17       000F7A
_LATB                        (abs)        000F8A
_LATC2                       (abs)        007C5A
_LATD6                       (abs)        007C66
_LATD7                       (abs)        007C67
_LeerBit                     text16       00106A
_LeerByte                    text15       001164
_LeerHT11                    text14       001030
_MensajeLCD_Word             text10       000FF6
_OSCCON                      (abs)        000FD3
_RBPU                        (abs)        007F8F
_RC0                         (abs)        007C10
_RC1                         (abs)        007C11
_RC2                         (abs)        007C12
_RC4                         (abs)        007C14
_RCIF                        (abs)        007CF5
_RCREG                       (abs)        000FAE
_RCSTA                       (abs)        000FAB
_RD                          (abs)        007D30
_RD0                         (abs)        007C18
_RD1                         (abs)        007C19
_RD2                         (abs)        007C1A
_RD3                         (abs)        007C1B
_RD4                         (abs)        007C1C
_Recibir                     text26       00120A
_RetardoLCD                  text20       000E80
_SPBRG                       (abs)        000FAF
_T0CON                       (abs)        000FD5
_TMR0                        (abs)        000FD6
_TMR0IE                      (abs)        007F95
_TMR0IF                      (abs)        007F92
_TMR0ON                      (abs)        007EAF
_TRISA                       (abs)        000F92
_TRISB                       (abs)        000F93
_TRISC                       (abs)        000F94
_TRISC2                      (abs)        007CA2
_TRISD                       (abs)        000F95
_TRMT                        (abs)        007D61
_TXREG                       (abs)        000FAD
_TXSTA                       (abs)        000FAC
_Temp                        bssCOMRAM    00001F
_TempEEPROM                  bssCOMRAM    00001D
_Transmitir                  text9        0011F6
_TransmitirDatos             text2        000824
_WR                          (abs)        007D31
_WREN                        (abs)        007D32
__HRAM                       (abs)        000000
__H__absolute__              __absolute__ 000000
__Habs1                      abs1         000000
__Hbank0                     bank0        000000
__Hbank1                     bank1        000000
__Hbank2                     bank2        000000
__Hbank3                     bank3        000000
__Hbank4                     bank4        000000
__Hbank5                     bank5        000000
__Hbank6                     bank6        000000
__Hbank7                     bank7        000000
__Hbigbss                    bigbss       000000
__Hbigdata                   bigdata      000000
__Hbigram                    bigram       000000
__Hbigsfr                    bigsfr       000000
__Hbss                       bss          000000
__HbssCOMRAM                 bssCOMRAM    000000
__Hcinit                     cinit        000000
__Hclrtext                   clrtext      000000
__Hcomram                    comram       000000
__Hconfig                    config       30000E
__Hconst                     const        000000
__HcstackCOMRAM              cstackCOMRAM 000000
__Hdata                      data         000000
__HdataCOMRAM                dataCOMRAM   000000
__Heeprom_data               eeprom_data  000000
__Hfarbss                    farbss       000000
__Hfardata                   fardata      000000
__Hheap                      heap         000000
__Hibigdata                  ibigdata     000000
__Hidata                     idata        000000
__HidataCOMRAM               idataCOMRAM  000000
__Hidloc                     idloc        200008
__Hifardata                  ifardata     000000
__Hinit                      init         000012
__Hintcode                   intcode      00000E
__Hintcode_body              intcode_body 000000
__Hintcodelo                 intcodelo    00000E
__Hintentry                  intentry     000000
__Hintret                    intret       000000
__Hintsave_regs              intsave_regs 000000
__Hirdata                    irdata       000000
__Hmediumconst               mediumconst  000000
__HnvFARRAM                  nvFARRAM     000000
__Hnvbit                     nvbit        000000
__Hnvrram                    nvrram       000000
__Hparam                     rparam       000000
__Hpowerup                   powerup      00000E
__Hram                       ram          000000
__Hramtop                    ramtop       000800
__Hrbit                      rbit         000000
__Hrbss                      rbss         000000
__Hrdata                     rdata        000000
__Hreset_vec                 reset_vec    000004
__Hrparam                    rparam       000000
__Hsfr                       sfr          000000
__Hsmallconst                smallconst   000824
__Hspace_0                   (abs)        001213
__Hspace_1                   (abs)        000022
__Hspace_2                   (abs)        000000
__Hspace_4                   (abs)        60000E
__Hstack                     stack        000000
__Hstruct                    struct       000000
__Htemp                      temp         000022
__Htext                      text         000000
__Htext0                     text0        000000
__Htext1                     text1        000000
__Htext10                    text10       000000
__Htext11                    text11       000000
__Htext12                    text12       000000
__Htext13                    text13       000000
__Htext14                    text14       000000
__Htext15                    text15       000000
__Htext16                    text16       000000
__Htext17                    text17       000000
__Htext18                    text18       000000
__Htext19                    text19       000000
__Htext2                     text2        000000
__Htext20                    text20       000000
__Htext21                    text21       000000
__Htext22                    text22       000000
__Htext23                    text23       000000
__Htext24                    text24       000000
__Htext26                    text26       000000
__Htext3                     text3        000000
__Htext4                     text4        000000
__Htext5                     text5        000000
__Htext6                     text6        000000
__Htext7                     text7        000000
__Htext8                     text8        000000
__Htext9                     text9        000000
__LRAM                       (abs)        000001
__L__absolute__              __absolute__ 000000
__Labs1                      abs1         000000
__Lbank0                     bank0        000000
__Lbank1                     bank1        000000
__Lbank2                     bank2        000000
__Lbank3                     bank3        000000
__Lbank4                     bank4        000000
__Lbank5                     bank5        000000
__Lbank6                     bank6        000000
__Lbank7                     bank7        000000
__Lbigbss                    bigbss       000000
__Lbigdata                   bigdata      000000
__Lbigram                    bigram       000000
__Lbigsfr                    bigsfr       000000
__Lbss                       bss          000000
__LbssCOMRAM                 bssCOMRAM    000000
__Lcinit                     cinit        000000
__Lclrtext                   clrtext      000000
__Lcomram                    comram       000000
__Lconfig                    config       000000
__Lconst                     const        000000
__LcstackCOMRAM              cstackCOMRAM 000000
__Ldata                      data         000000
__LdataCOMRAM                dataCOMRAM   000000
__Leeprom_data               eeprom_data  000000
__Lfarbss                    farbss       000000
__Lfardata                   fardata      000000
__Lheap                      heap         000000
__Libigdata                  ibigdata     000000
__Lidata                     idata        000000
__LidataCOMRAM               idataCOMRAM  000000
__Lidloc                     idloc        000000
__Lifardata                  ifardata     000000
__Linit                      init         00000E
__Lintcode                   intcode      000008
__Lintcode_body              intcode_body 000000
__Lintcodelo                 intcodelo    00000E
__Lintentry                  intentry     000000
__Lintret                    intret       000000
__Lintsave_regs              intsave_regs 000000
__Lirdata                    irdata       000000
__Lmediumconst               mediumconst  000000
__LnvFARRAM                  nvFARRAM     000000
__Lnvbit                     nvbit        000000
__Lnvrram                    nvrram       000000
__Lparam                     rparam       000000
__Lpowerup                   powerup      00000E
__Lram                       ram          000000
__Lramtop                    ramtop       000800
__Lrbit                      rbit         000000
__Lrbss                      rbss         000000
__Lrdata                     rdata        000000
__Lreset_vec                 reset_vec    000000
__Lrparam                    rparam       000000
__Lsfr                       sfr          000000
__Lsmallconst                smallconst   000800
__Lspace_0                   (abs)        000000
__Lspace_1                   (abs)        000000
__Lspace_2                   (abs)        000000
__Lspace_4                   (abs)        000000
__Lstack                     stack        000000
__Lstruct                    struct       000000
__Ltemp                      temp         000021
__Ltext                      text         000000
__Ltext0                     text0        000000
__Ltext1                     text1        000000
__Ltext10                    text10       000000
__Ltext11                    text11       000000
__Ltext12                    text12       000000
__Ltext13                    text13       000000
__Ltext14                    text14       000000
__Ltext15                    text15       000000
__Ltext16                    text16       000000
__Ltext17                    text17       000000
__Ltext18                    text18       000000
__Ltext19                    text19       000000
__Ltext2                     text2        000000
__Ltext20                    text20       000000
__Ltext21                    text21       000000
__Ltext22                    text22       000000
__Ltext23                    text23       000000
__Ltext24                    text24       000000
__Ltext26                    text26       000000
__Ltext3                     text3        000000
__Ltext4                     text4        000000
__Ltext5                     text5        000000
__Ltext6                     text6        000000
__Ltext7                     text7        000000
__Ltext8                     text8        000000
__Ltext9                     text9        000000
__S0                         (abs)        001213
__S1                         (abs)        000022
__S4                         (abs)        000000
__S5                         (abs)        000000
___awdiv                     text8        000DFC
___awdiv@counter             cstackCOMRAM 000007
___awdiv@dividend            cstackCOMRAM 000003
___awdiv@divisor             cstackCOMRAM 000005
___awdiv@quotient            cstackCOMRAM 000009
___awdiv@sign                cstackCOMRAM 000008
___heap_hi                   (abs)        000000
___heap_lo                   (abs)        000000
___inthi_sp                  stack        000000
___intlo_sp                  stack        000000
___lbdiv                     text7        000FBC
___lbdiv@counter             cstackCOMRAM 000005
___lbdiv@dividend            cstackCOMRAM 000004
___lbdiv@divisor             cstackCOMRAM 000003
___lbdiv@quotient            cstackCOMRAM 000006
___lbmod                     text6        0010C6
___lbmod@counter             cstackCOMRAM 000005
___lbmod@dividend            cstackCOMRAM 000004
___lbmod@divisor             cstackCOMRAM 000003
___lbmod@rem                 cstackCOMRAM 000006
___lwdiv                     text5        000EE6
___lwdiv@counter             cstackCOMRAM 000009
___lwdiv@dividend            cstackCOMRAM 000003
___lwdiv@divisor             cstackCOMRAM 000005
___lwdiv@quotient            cstackCOMRAM 000007
___lwmod                     text4        000F38
___lwmod@counter             cstackCOMRAM 000007
___lwmod@dividend            cstackCOMRAM 000003
___lwmod@divisor             cstackCOMRAM 000005
___param_bank                (abs)        000000
___rparam_used               (abs)        000001
___sp                        stack        000000
___wmul                      text3        001118
___wmul@multiplicand         cstackCOMRAM 000005
___wmul@multiplier           cstackCOMRAM 000003
___wmul@product              cstackCOMRAM 000007
__accesstop                  (abs)        000060
__activetblptr               (abs)        000002
__end_of_BorraLCD            text18       0011C6
__end_of_ColorRGB            text24       000D72
__end_of_Conversion          text23       0011DA
__end_of_DireccionaLCD       text13       0011B2
__end_of_EnviaDato           text19       00120A
__end_of_EscribeLCD_c        text12       00119C
__end_of_GuardarDatoEnEEPROM text22       001164
__end_of_HabilitaLCD         text21       0011F6
__end_of_ISR                 intcode_body 000DFC
__end_of_InicializaLCD       text17       000FBC
__end_of_LeerBit             text16       00109A
__end_of_LeerByte            text15       001186
__end_of_LeerHT11            text14       00106A
__end_of_MensajeLCD_Word     text10       001030
__end_of_Recibir             text26       001212
__end_of_RetardoLCD          text20       000EE6
__end_of_Transmitir          text9        001202
__end_of_TransmitirDatos     text2        000AB4
__end_of___awdiv             text8        000E80
__end_of___lbdiv             text7        000FF6
__end_of___lbmod             text6        0010F0
__end_of___lwdiv             text5        000F38
__end_of___lwmod             text4        000F7A
__end_of___wmul              text3        00113E
__end_of__initialization     cinit        0010B8
__end_of_leerDatoEnEEPROM    text1        0011E8
__end_of_main                text0        000C8A
__end_of_strlen              text11       001118
__initialization             cinit        00109A
__mediumconst                mediumconst  000000
__pbssCOMRAM                 bssCOMRAM    000019
__pcinit                     cinit        00109A
__pcstackCOMRAM              cstackCOMRAM 000001
__pdataCOMRAM                dataCOMRAM   000020
__pidataCOMRAM               idataCOMRAM  001212
__pintcode                   intcode      000008
__pintcode_body              intcode_body 000D72
__psmallconst                smallconst   000800
__ptext0                     text0        000AB4
__ptext1                     text1        0011DA
__ptext10                    text10       000FF6
__ptext11                    text11       0010F0
__ptext12                    text12       001186
__ptext13                    text13       00119C
__ptext14                    text14       001030
__ptext15                    text15       001164
__ptext16                    text16       00106A
__ptext17                    text17       000F7A
__ptext18                    text18       0011B2
__ptext19                    text19       001202
__ptext2                     text2        000824
__ptext20                    text20       000E80
__ptext21                    text21       0011E8
__ptext22                    text22       00113E
__ptext23                    text23       0011C6
__ptext24                    text24       000C8A
__ptext26                    text26       00120A
__ptext3                     text3        001118
__ptext4                     text4        000F38
__ptext5                     text5        000EE6
__ptext6                     text6        0010C6
__ptext7                     text7        000FBC
__ptext8                     text8        000DFC
__ptext9                     text9        0011F6
__ramtop                     ramtop       000800
__smallconst                 smallconst   000800
_interfaz                    dataCOMRAM   000020
_leerDatoEnEEPROM            text1        0011DA
_main                        text0        000AB4
_strlen                      text11       0010F0
btemp                        temp         000021
end_of_initialization        cinit        0010B8
int$flags                    temp         000021
int_func                     intcode_body 000D72
intlevel0                    text         000000
intlevel1                    text         000000
intlevel2                    text         000000
intlevel3                    text         000000
isa$std                      (abs)        000001
isa$xinst                    (abs)        000000
leerDatoEnEEPROM@dir         cstackCOMRAM 000003
stackhi                      (abs)        000000
stacklo                      (abs)        000000
start                        init         00000E
start_initialization         cinit        00109A
strlen@cp                    cstackCOMRAM 000005
strlen@s                     cstackCOMRAM 000003
ttemp5                       temp         000022
ttemp6                       temp         000025
ttemp7                       temp         000029
wtemp8                       temp         000022


MODULE INFORMATION

Module		Function		Class		Link	Load	Size
Laboratorio5.c
		_ColorRGB      		CODE           	0C8A	0000	232
		_GuardarDatoEnEEPROM		CODE           	113E	0000	38
		_TransmitirDatos		CODE           	0824	0000	656
		_ISR           		CODE           	0008	0000	144
		_LeerHT11      		CODE           	1030	0000	58
		_leerDatoEnEEPROM		CODE           	11DA	0000	14
		_main          		CODE           	0AB4	0000	470
		_LeerBit       		CODE           	106A	0000	48
		_Transmitir    		CODE           	11F6	0000	12
		_Conversion    		CODE           	11C6	0000	20
		_Recibir       		CODE           	120A	0000	8
		_LeerByte      		CODE           	1164	0000	34

Laboratorio5.c estimated size: 1734

LibLCDXC8.h
		_DireccionaLCD 		CODE           	119C	0000	22
		_InicializaLCD 		CODE           	0F7A	0000	66
		_EnviaDato     		CODE           	1202	0000	8
		_EscribeLCD_c  		CODE           	1186	0000	22
		_HabilitaLCD   		CODE           	11E8	0000	14
		_BorraLCD      		CODE           	11B2	0000	20
		_RetardoLCD    		CODE           	0E80	0000	102
		_MensajeLCD_Word		CODE           	0FF6	0000	58

LibLCDXC8.h estimated size: 312

C:\Program Files\Microchip\xc8\v2.41\pic\sources\c90\common\Umul16.c
		___wmul        		CODE           	1118	0000	38

C:\Program Files\Microchip\xc8\v2.41\pic\sources\c90\common\Umul16.c estimated size: 38

C:\Program Files\Microchip\xc8\v2.41\pic\sources\c90\common\lwdiv.c
		___lwdiv       		CODE           	0EE6	0000	82

C:\Program Files\Microchip\xc8\v2.41\pic\sources\c90\common\lwdiv.c estimated size: 82

C:\Program Files\Microchip\xc8\v2.41\pic\sources\c90\common\awdiv.c
		___awdiv       		CODE           	0DFC	0000	132

C:\Program Files\Microchip\xc8\v2.41\pic\sources\c90\common\awdiv.c estimated size: 132

C:\Program Files\Microchip\xc8\v2.41\pic\sources\c90\common\lbmod.c
		___lbmod       		CODE           	10C6	0000	42

C:\Program Files\Microchip\xc8\v2.41\pic\sources\c90\common\lbmod.c estimated size: 42

shared
		__initialization		CODE           	109A	0000	30

shared estimated size: 30

C:\Program Files\Microchip\xc8\v2.41\pic\sources\c90\common\lbdiv.c
		___lbdiv       		CODE           	0FBC	0000	58

C:\Program Files\Microchip\xc8\v2.41\pic\sources\c90\common\lbdiv.c estimated size: 58

C:\Program Files\Microchip\xc8\v2.41\pic\sources\c90\common\strlen.c
		_strlen        		CODE           	10F0	0000	40

C:\Program Files\Microchip\xc8\v2.41\pic\sources\c90\common\strlen.c estimated size: 40

C:\Program Files\Microchip\xc8\v2.41\pic\sources\c90\common\lwmod.c
		___lwmod       		CODE           	0F38	0000	66

C:\Program Files\Microchip\xc8\v2.41\pic\sources\c90\common\lwmod.c estimated size: 66

