Microchip MPLAB XC8 Compiler V2.40

Linker command line:

-W-3 \
  --edf=C:\Program Files\Microchip\xc8\v2.40\pic\dat\20220703182018_en.msgs \
  -cn -h+dist/default/production\Laboratorio5.X.production.sym \
  --cmf=dist/default/production\Laboratorio5.X.production.cmf -z -Q18F4550 \
  -oC:\Users\Andres\AppData\Local\Temp\xcAseoc.4 \
  -Mdist/default/production/Laboratorio5.X.production.map \
  --md=C:\Users\Andres\AppData\Local\Temp\xcAseoc.dat -E1 -ver=XC8 Compiler \
  -ACODE=00h-07FFFh -ACONST=00h-07FFFh -ASMALLCONST=0800h-08FFhx120 \
  -AMEDIUMCONST=0800h-07FFFh -ACOMRAM=01h-05Fh -AABS1=00h-07FFh \
  -ABIGRAM=01h-07FFh -ARAM=060h-0FFh,0100h-01FFhx7 -ABANK0=060h-0FFh \
  -ABANK1=0100h-01FFh -ABANK2=0200h-02FFh -ABANK3=0300h-03FFh \
  -ABANK4=0400h-04FFh -ABANK5=0500h-05FFh -ABANK6=0600h-06FFh \
  -ABANK7=0700h-07FFh -ASFR=0F60h-0FFFh -ABIGSFR=0F60h-0FFFh \
  -ACONFIG=0300000h-030000Dh -AIDLOC=0200000h-0200007h \
  -AEEDATA=0F00000h-0F000FFh -peeprom_data=EEDATA \
  -preset_vec=00h,intcode=08h,intcodelo,powerup,init -pramtop=0800h \
  -psmallconst=SMALLCONST -pmediumconst=MEDIUMCONST -pconst=CONST \
  -AFARRAM=00h-00h \
  -prdata=COMRAM,nvrram=COMRAM,nvbit=COMRAM,rbss=COMRAM,rbit=COMRAM \
  -pfarbss=FARRAM,fardata=FARRAM,nvFARRAM=FARRAM \
  -pintsave_regs=BIGRAM,bigbss=BIGRAM,bigdata=BIGRAM -pbss=RAM \
  -pidata=CODE,irdata=CODE,ibigdata=CODE,ifardata=CODE -prparam=COMRAM \
  C:\Users\Andres\AppData\Local\Temp\xcAseoc.obj \
  dist/default/production\Laboratorio5.X.production.obj 

Object code version is 3.11

Machine type is 18F4550



                Name                               Link     Load   Length Selector   Space Scale
C:\Users\Andres\AppData\Local\Temp\xcAseoc.obj
                idloc                            200000   200000        8        0       5
                config                           300000   300000        E        0       4
                init                                  E        E        4        4       0
                reset_vec                             0        0        4        0       0
dist/default/production\Laboratorio5.X.production.obj
                intcode                               8        8        6        4       0
                idloc                            200000   200000        8        0       5
                config                           300000   300000        E        0       4
                temp                                 3C       3C        1        1       1
                smallconst                          800      800       24      400       0
                text41                             1894     1894        8      412       0
                text40                             186E     186E        E      412       0
                text39                             12E6     12E6       66      412       0
                text38                             1524     1524       46      412       0
                text37                             183E     183E       14      412       0
                text36                             1800     1800       16      412       0
                text35                             17EA     17EA       16      412       0
                text34                             1490     1490       4E      412       0
                text33                             1888     1888        C      412       0
                text32                             11FC     11FC       84      412       0
                text31                             1628     1628       3A      412       0
                text30                             16E8     16E8       2A      412       0
                text29                             13F0     13F0       52      412       0
                text28                             15AC     15AC       42      412       0
                text27                             175E     175E       26      412       0
                text26                              AB4      AB4      290      412       0
                intcode_body                        FF6      FF6       E6      412       0
                text24                              F0E      F0E       E8      412       0
                text23                             17A6     17A6       18      412       0
                text22                             182A     182A       14      412       0
                text21                             1738     1738       26      412       0
                text20                             1860     1860        E      412       0
                text19                             1280     1280       66      412       0
                text18                             14DE     14DE       46      412       0
                text17                             1816     1816       14      412       0
                text16                             10DC     10DC       9C      412       0
                text15                             1662     1662       30      412       0
                text14                             1784     1784       22      412       0
                text13                             139E     139E       52      412       0
                text12                             17D4     17D4       16      412       0
                text11                             17BE     17BE       16      412       0
                text10                             1442     1442       4E      412       0
                text9                              187C     187C        C      412       0
                text8                              1178     1178       84      412       0
                text7                              15EE     15EE       3A      412       0
                text6                              16BE     16BE       2A      412       0
                text5                              134C     134C       52      412       0
                text4                              156A     156A       42      412       0
                text3                              1712     1712       26      412       0
                text2                               824      824      290      412       0
                text1                              1852     1852        E      412       0
                text0                               D44      D44      1CA      412       0
                cstackCOMRAM                          1        1       34        1       1
                dataCOMRAM                           3B       3B        1        1       1
                bssCOMRAM                            35       35        6        1       1
                cinit                              1692     1692       2C      412       0
                idataCOMRAM                        189C     189C        1      412       0

TOTAL           Name                               Link     Load   Length     Space
        CLASS   CODE           
                intcode                               8        8        6         0
                init                                  E        E        4         0
                reset_vec                             0        0        4         0
                text41                             1894     1894        8         0
                text40                             186E     186E        E         0
                text39                             12E6     12E6       66         0
                text38                             1524     1524       46         0
                text37                             183E     183E       14         0
                text36                             1800     1800       16         0
                text35                             17EA     17EA       16         0
                text34                             1490     1490       4E         0
                text33                             1888     1888        C         0
                text32                             11FC     11FC       84         0
                text31                             1628     1628       3A         0
                text30                             16E8     16E8       2A         0
                text29                             13F0     13F0       52         0
                text28                             15AC     15AC       42         0
                text27                             175E     175E       26         0
                text26                              AB4      AB4      290         0
                intcode_body                        FF6      FF6       E6         0
                text24                              F0E      F0E       E8         0
                text23                             17A6     17A6       18         0
                text22                             182A     182A       14         0
                text21                             1738     1738       26         0
                text20                             1860     1860        E         0
                text19                             1280     1280       66         0
                text18                             14DE     14DE       46         0
                text17                             1816     1816       14         0
                text16                             10DC     10DC       9C         0
                text15                             1662     1662       30         0
                text14                             1784     1784       22         0
                text13                             139E     139E       52         0
                text12                             17D4     17D4       16         0
                text11                             17BE     17BE       16         0
                text10                             1442     1442       4E         0
                text9                              187C     187C        C         0
                text8                              1178     1178       84         0
                text7                              15EE     15EE       3A         0
                text6                              16BE     16BE       2A         0
                text5                              134C     134C       52         0
                text4                              156A     156A       42         0
                text3                              1712     1712       26         0
                text2                               824      824      290         0
                text1                              1852     1852        E         0
                text0                               D44      D44      1CA         0
                cinit                              1692     1692       2C         0
                idataCOMRAM                        189C     189C        1         0

        CLASS   CONST          

        CLASS   SMALLCONST     
                smallconst                          800      800       24         0

        CLASS   MEDIUMCONST    

        CLASS   COMRAM         
                temp                                 3C       3C        1         1
                cstackCOMRAM                          1        1       34         1
                dataCOMRAM                           3B       3B        1         1
                bssCOMRAM                            35       35        6         1

        CLASS   ABS1           

        CLASS   BIGRAM         

        CLASS   RAM            

        CLASS   BANK0          

        CLASS   BANK1          

        CLASS   BANK2          

        CLASS   BANK3          

        CLASS   BANK4          

        CLASS   BANK5          

        CLASS   BANK6          

        CLASS   BANK7          

        CLASS   SFR            

        CLASS   BIGSFR         

        CLASS   CONFIG         
                config                           300000   300000        E         4

        CLASS   IDLOC          
                idloc                            200000   200000        8         5

        CLASS   EEDATA         

        CLASS   FARRAM         

        CLASS   HEAP           

        CLASS   STACK          



SEGMENTS        Name                           Load    Length   Top    Selector   Space  Class

                reset_vec                      000000  000004  000004         0       0  CODE    
                cstackCOMRAM                   000001  00003C  00003D         1       1  COMRAM  
                intcode                        000008  00000A  000012         4       0  CODE    
                smallconst                     000800  000024  000824       400       0  SMALLCON
                text2                          000824  001079  00189D       412       0  CODE    


UNUSED ADDRESS RANGES

        Name                Unused          Largest block    Delta
        BANK0            000060-0000FF               A0
        BANK1            000100-0001FF              100
        BANK2            000200-0002FF              100
        BANK3            000300-0003FF              100
        BANK4            000400-0004FF              100
        BANK5            000500-0005FF              100
        BANK6            000600-0006FF              100
        BANK7            000700-0007FF              100
        BIGRAM           00003D-0007FF              7C3
        BIGSFR           000F60-000FFF               A0
        CODE             000004-000007                4
                         000012-0007FF              7EE
                         00189D-007FFF             6763
        COMRAM           00003D-00005F               23
        CONST            000004-000007                4
                         000012-0007FF              7EE
                         00189D-007FFF             6763
        EEDATA           F00000-F000FF              100
        MEDIUMCONST      00189D-007FFF             6763
        RAM              000060-0007FF              100
        SFR              000F60-000FFF               A0
        SMALLCONST       00189D-007FFF              100

                                  Symbol Table

?___awdiv                    cstackCOMRAM 00001E
?___lwdiv                    cstackCOMRAM 00001E
?___lwmod                    cstackCOMRAM 00001E
?___wmul                     cstackCOMRAM 00001E
?i2___awdiv                  cstackCOMRAM 000001
?i2___lwdiv                  cstackCOMRAM 000001
?i2___lwmod                  cstackCOMRAM 000001
?i2___wmul                   cstackCOMRAM 000001
ColorRGB@val                 cstackCOMRAM 00001E
ConfiguraLCD@a               cstackCOMRAM 00001E
Conversion@canal             cstackCOMRAM 00001E
DireccionaLCD@a              cstackCOMRAM 000022
EnviaDato@a                  cstackCOMRAM 000021
EscribeLCD_c@a               cstackCOMRAM 000022
GuardarDatoEnEEPROM@dato     cstackCOMRAM 000020
GuardarDatoEnEEPROM@dir      cstackCOMRAM 00001E
LeerBit@res                  cstackCOMRAM 00001E
LeerByte@i                   cstackCOMRAM 000021
LeerByte@res                 cstackCOMRAM 000020
LeerHT11@contr               cstackCOMRAM 000023
MensajeLCD_Word@a            cstackCOMRAM 000023
MensajeLCD_Word@i            cstackCOMRAM 000025
RetardoLCD@a                 cstackCOMRAM 00001F
Transmitir@BufferT           cstackCOMRAM 00001E
TransmitirDatos@Ent1         cstackCOMRAM 000027
TransmitirDatos@Ent2         cstackCOMRAM 000029
TransmitirDatos@Simb         cstackCOMRAM 00002F
TransmitirDatos@TempC        cstackCOMRAM 000031
TransmitirDatos@n            cstackCOMRAM 00002D
_ADCON0                      (abs)        000FC2
_ADCON1                      (abs)        000FC1
_ADCON2                      (abs)        000FC0
_ADRES                       (abs)        000FC3
_BAUDCON                     (abs)        000FB8
_BorraLCD                    text17       001816
_CFGS                        (abs)        007D36
_Che                         bssCOMRAM    000038
_ColorRGB                    text24       000F0E
_ConfiguraLCD                text23       0017A6
_Conversion                  text22       00182A
_DireccionaLCD               text12       0017D4
_EEADR                       (abs)        000FA9
_EECON2                      (abs)        000FA7
_EEDATA                      (abs)        000FA8
_EEIF                        (abs)        007D0C
_EEPGD                       (abs)        007D37
_EnviaDato                   text18       0014DE
_EscribeLCD_c                text11       0017BE
_GIE                         (abs)        007F97
_GO                          (abs)        007E11
_GuardarDatoEnEEPROM         text21       001738
_HabilitaLCD                 text20       001860
_Hum                         bssCOMRAM    000039
_ISR                         intcode      000008
_IniFlag                     bssCOMRAM    000035
_InicializaLCD               text16       0010DC
_LATC2                       (abs)        007C5A
_LATD                        (abs)        000F8C
_LATD6                       (abs)        007C66
_LATD7                       (abs)        007C67
_LeerBit                     text15       001662
_LeerByte                    text14       001784
_LeerHT11                    text13       00139E
_MensajeLCD_Word             text10       001442
_OSCCON                      (abs)        000FD3
_RBPU                        (abs)        007F8F
_RC0                         (abs)        007C10
_RC1                         (abs)        007C11
_RC2                         (abs)        007C12
_RCIF                        (abs)        007CF5
_RCREG                       (abs)        000FAE
_RCSTA                       (abs)        000FAB
_RD                          (abs)        007D30
_RD0                         (abs)        007C18
_RD1                         (abs)        007C19
_RD2                         (abs)        007C1A
_RD3                         (abs)        007C1B
_RD4                         (abs)        007C1C
_Recibir                     text41       001894
_RetardoLCD                  text19       001280
_SPBRG                       (abs)        000FAF
_T0CON                       (abs)        000FD5
_TMR0                        (abs)        000FD6
_TMR0IE                      (abs)        007F95
_TMR0IF                      (abs)        007F92
_TMR0ON                      (abs)        007EAF
_TRISA                       (abs)        000F92
_TRISB                       (abs)        000F93
_TRISC                       (abs)        000F94
_TRISC2                      (abs)        007CA2
_TRISD                       (abs)        000F95
_TRMT                        (abs)        007D61
_TXREG                       (abs)        000FAD
_TXSTA                       (abs)        000FAC
_Temp                        bssCOMRAM    00003A
_TempEEPROM                  bssCOMRAM    000037
_Transmitir                  text9        00187C
_TransmitirDatos             text2        000824
_WR                          (abs)        007D31
_WREN                        (abs)        007D32
__HRAM                       (abs)        000000
__Habs1                      abs1         000000
__Hbank0                     bank0        000000
__Hbank1                     bank1        000000
__Hbank2                     bank2        000000
__Hbank3                     bank3        000000
__Hbank4                     bank4        000000
__Hbank5                     bank5        000000
__Hbank6                     bank6        000000
__Hbank7                     bank7        000000
__Hbigbss                    bigbss       000000
__Hbigdata                   bigdata      000000
__Hbigram                    bigram       000000
__Hbigsfr                    bigsfr       000000
__Hbss                       bss          000000
__HbssCOMRAM                 bssCOMRAM    000000
__Hcinit                     cinit        000000
__Hclrtext                   clrtext      000000
__Hcomram                    comram       000000
__Hconfig                    config       30000E
__Hconst                     const        000000
__HcstackCOMRAM              cstackCOMRAM 000000
__Hdata                      data         000000
__HdataCOMRAM                dataCOMRAM   000000
__Heeprom_data               eeprom_data  000000
__Hfarbss                    farbss       000000
__Hfardata                   fardata      000000
__Hheap                      heap         000000
__Hibigdata                  ibigdata     000000
__Hidata                     idata        000000
__HidataCOMRAM               idataCOMRAM  000000
__Hidloc                     idloc        200008
__Hifardata                  ifardata     000000
__Hinit                      init         000012
__Hintcode                   intcode      00000E
__Hintcode_body              intcode_body 000000
__Hintcodelo                 intcodelo    00000E
__Hintentry                  intentry     000000
__Hintret                    intret       000000
__Hintsave_regs              intsave_regs 000000
__Hirdata                    irdata       000000
__Hmediumconst               mediumconst  000000
__HnvFARRAM                  nvFARRAM     000000
__Hnvbit                     nvbit        000000
__Hnvrram                    nvrram       000000
__Hparam                     rparam       000000
__Hpowerup                   powerup      00000E
__Hram                       ram          000000
__Hramtop                    ramtop       000800
__Hrbit                      rbit         000000
__Hrbss                      rbss         000000
__Hrdata                     rdata        000000
__Hreset_vec                 reset_vec    000004
__Hrparam                    rparam       000000
__Hsfr                       sfr          000000
__Hsmallconst                smallconst   000824
__Hspace_0                   (abs)        00189D
__Hspace_1                   (abs)        00003D
__Hspace_2                   (abs)        000000
__Hspace_4                   (abs)        60000E
__Hstack                     stack        000000
__Hstruct                    struct       000000
__Htemp                      temp         00003D
__Htext                      text         000000
__Htext0                     text0        000000
__Htext1                     text1        000000
__Htext10                    text10       000000
__Htext11                    text11       000000
__Htext12                    text12       000000
__Htext13                    text13       000000
__Htext14                    text14       000000
__Htext15                    text15       000000
__Htext16                    text16       000000
__Htext17                    text17       000000
__Htext18                    text18       000000
__Htext19                    text19       000000
__Htext2                     text2        000000
__Htext20                    text20       000000
__Htext21                    text21       000000
__Htext22                    text22       000000
__Htext23                    text23       000000
__Htext24                    text24       000000
__Htext26                    text26       000000
__Htext27                    text27       000000
__Htext28                    text28       000000
__Htext29                    text29       000000
__Htext3                     text3        000000
__Htext30                    text30       000000
__Htext31                    text31       000000
__Htext32                    text32       000000
__Htext33                    text33       000000
__Htext34                    text34       000000
__Htext35                    text35       000000
__Htext36                    text36       000000
__Htext37                    text37       000000
__Htext38                    text38       000000
__Htext39                    text39       000000
__Htext4                     text4        000000
__Htext40                    text40       000000
__Htext41                    text41       000000
__Htext5                     text5        000000
__Htext6                     text6        000000
__Htext7                     text7        000000
__Htext8                     text8        000000
__Htext9                     text9        000000
__LRAM                       (abs)        000001
__Labs1                      abs1         000000
__Lbank0                     bank0        000000
__Lbank1                     bank1        000000
__Lbank2                     bank2        000000
__Lbank3                     bank3        000000
__Lbank4                     bank4        000000
__Lbank5                     bank5        000000
__Lbank6                     bank6        000000
__Lbank7                     bank7        000000
__Lbigbss                    bigbss       000000
__Lbigdata                   bigdata      000000
__Lbigram                    bigram       000000
__Lbigsfr                    bigsfr       000000
__Lbss                       bss          000000
__LbssCOMRAM                 bssCOMRAM    000000
__Lcinit                     cinit        000000
__Lclrtext                   clrtext      000000
__Lcomram                    comram       000000
__Lconfig                    config       000000
__Lconst                     const        000000
__LcstackCOMRAM              cstackCOMRAM 000000
__Ldata                      data         000000
__LdataCOMRAM                dataCOMRAM   000000
__Leeprom_data               eeprom_data  000000
__Lfarbss                    farbss       000000
__Lfardata                   fardata      000000
__Lheap                      heap         000000
__Libigdata                  ibigdata     000000
__Lidata                     idata        000000
__LidataCOMRAM               idataCOMRAM  000000
__Lidloc                     idloc        000000
__Lifardata                  ifardata     000000
__Linit                      init         00000E
__Lintcode                   intcode      000008
__Lintcode_body              intcode_body 000000
__Lintcodelo                 intcodelo    00000E
__Lintentry                  intentry     000000
__Lintret                    intret       000000
__Lintsave_regs              intsave_regs 000000
__Lirdata                    irdata       000000
__Lmediumconst               mediumconst  000000
__LnvFARRAM                  nvFARRAM     000000
__Lnvbit                     nvbit        000000
__Lnvrram                    nvrram       000000
__Lparam                     rparam       000000
__Lpowerup                   powerup      00000E
__Lram                       ram          000000
__Lramtop                    ramtop       000800
__Lrbit                      rbit         000000
__Lrbss                      rbss         000000
__Lrdata                     rdata        000000
__Lreset_vec                 reset_vec    000000
__Lrparam                    rparam       000000
__Lsfr                       sfr          000000
__Lsmallconst                smallconst   000800
__Lspace_0                   (abs)        000000
__Lspace_1                   (abs)        000000
__Lspace_2                   (abs)        000000
__Lspace_4                   (abs)        000000
__Lstack                     stack        000000
__Lstruct                    struct       000000
__Ltemp                      temp         00003C
__Ltext                      text         000000
__Ltext0                     text0        000000
__Ltext1                     text1        000000
__Ltext10                    text10       000000
__Ltext11                    text11       000000
__Ltext12                    text12       000000
__Ltext13                    text13       000000
__Ltext14                    text14       000000
__Ltext15                    text15       000000
__Ltext16                    text16       000000
__Ltext17                    text17       000000
__Ltext18                    text18       000000
__Ltext19                    text19       000000
__Ltext2                     text2        000000
__Ltext20                    text20       000000
__Ltext21                    text21       000000
__Ltext22                    text22       000000
__Ltext23                    text23       000000
__Ltext24                    text24       000000
__Ltext26                    text26       000000
__Ltext27                    text27       000000
__Ltext28                    text28       000000
__Ltext29                    text29       000000
__Ltext3                     text3        000000
__Ltext30                    text30       000000
__Ltext31                    text31       000000
__Ltext32                    text32       000000
__Ltext33                    text33       000000
__Ltext34                    text34       000000
__Ltext35                    text35       000000
__Ltext36                    text36       000000
__Ltext37                    text37       000000
__Ltext38                    text38       000000
__Ltext39                    text39       000000
__Ltext4                     text4        000000
__Ltext40                    text40       000000
__Ltext41                    text41       000000
__Ltext5                     text5        000000
__Ltext6                     text6        000000
__Ltext7                     text7        000000
__Ltext8                     text8        000000
__Ltext9                     text9        000000
__S0                         (abs)        00189D
__S1                         (abs)        00003D
__S4                         (abs)        000000
__S5                         (abs)        000000
___awdiv                     text8        001178
___awdiv@counter             cstackCOMRAM 000022
___awdiv@dividend            cstackCOMRAM 00001E
___awdiv@divisor             cstackCOMRAM 000020
___awdiv@quotient            cstackCOMRAM 000024
___awdiv@sign                cstackCOMRAM 000023
___heap_hi                   (abs)        000000
___heap_lo                   (abs)        000000
___inthi_sp                  stack        000000
___intlo_sp                  stack        000000
___lbdiv                     text7        0015EE
___lbdiv@counter             cstackCOMRAM 000020
___lbdiv@dividend            cstackCOMRAM 00001F
___lbdiv@divisor             cstackCOMRAM 00001E
___lbdiv@quotient            cstackCOMRAM 000021
___lbmod                     text6        0016BE
___lbmod@counter             cstackCOMRAM 000020
___lbmod@dividend            cstackCOMRAM 00001F
___lbmod@divisor             cstackCOMRAM 00001E
___lbmod@rem                 cstackCOMRAM 000021
___lwdiv                     text5        00134C
___lwdiv@counter             cstackCOMRAM 000024
___lwdiv@dividend            cstackCOMRAM 00001E
___lwdiv@divisor             cstackCOMRAM 000020
___lwdiv@quotient            cstackCOMRAM 000022
___lwmod                     text4        00156A
___lwmod@counter             cstackCOMRAM 000022
___lwmod@dividend            cstackCOMRAM 00001E
___lwmod@divisor             cstackCOMRAM 000020
___param_bank                (abs)        000000
___rparam_used               (abs)        000001
___sp                        stack        000000
___wmul                      text3        001712
___wmul@multiplicand         cstackCOMRAM 000020
___wmul@multiplier           cstackCOMRAM 00001E
___wmul@product              cstackCOMRAM 000022
__accesstop                  (abs)        000060
__activetblptr               (abs)        000002
__end_of_BorraLCD            text17       00182A
__end_of_ColorRGB            text24       000FF6
__end_of_ConfiguraLCD        text23       0017BE
__end_of_Conversion          text22       00183E
__end_of_DireccionaLCD       text12       0017EA
__end_of_EnviaDato           text18       001524
__end_of_EscribeLCD_c        text11       0017D4
__end_of_GuardarDatoEnEEPROM text21       00175E
__end_of_HabilitaLCD         text20       00186E
__end_of_ISR                 intcode_body 0010DC
__end_of_InicializaLCD       text16       001178
__end_of_LeerBit             text15       001692
__end_of_LeerByte            text14       0017A6
__end_of_LeerHT11            text13       0013F0
__end_of_MensajeLCD_Word     text10       001490
__end_of_Recibir             text41       00189C
__end_of_RetardoLCD          text19       0012E6
__end_of_Transmitir          text9        001888
__end_of_TransmitirDatos     text2        000AB4
__end_of___awdiv             text8        0011FC
__end_of___lbdiv             text7        001628
__end_of___lbmod             text6        0016E8
__end_of___lwdiv             text5        00139E
__end_of___lwmod             text4        0015AC
__end_of___wmul              text3        001738
__end_of__initialization     cinit        0016B0
__end_of_leerDatoEnEEPROM    text1        001860
__end_of_main                text0        000F0E
__end_ofi2_BorraLCD          text37       001852
__end_ofi2_DireccionaLCD     text36       001816
__end_ofi2_EnviaDato         text38       00156A
__end_ofi2_EscribeLCD_c      text35       001800
__end_ofi2_HabilitaLCD       text40       00187C
__end_ofi2_MensajeLCD_Word   text34       0014DE
__end_ofi2_RetardoLCD        text39       00134C
__end_ofi2_Transmitir        text33       001894
__end_ofi2_TransmitirDatos   text26       000D44
__end_ofi2___awdiv           text32       001280
__end_ofi2___lbdiv           text31       001662
__end_ofi2___lbmod           text30       001712
__end_ofi2___lwdiv           text29       001442
__end_ofi2___lwmod           text28       0015EE
__end_ofi2___wmul            text27       001784
__initialization             cinit        001692
__mediumconst                mediumconst  000000
__pbssCOMRAM                 bssCOMRAM    000035
__pcinit                     cinit        001692
__pcstackCOMRAM              cstackCOMRAM 000001
__pdataCOMRAM                dataCOMRAM   00003B
__pidataCOMRAM               idataCOMRAM  00189C
__pintcode                   intcode      000008
__pintcode_body              intcode_body 000FF6
__psmallconst                smallconst   000800
__ptext0                     text0        000D44
__ptext1                     text1        001852
__ptext10                    text10       001442
__ptext11                    text11       0017BE
__ptext12                    text12       0017D4
__ptext13                    text13       00139E
__ptext14                    text14       001784
__ptext15                    text15       001662
__ptext16                    text16       0010DC
__ptext17                    text17       001816
__ptext18                    text18       0014DE
__ptext19                    text19       001280
__ptext2                     text2        000824
__ptext20                    text20       001860
__ptext21                    text21       001738
__ptext22                    text22       00182A
__ptext23                    text23       0017A6
__ptext24                    text24       000F0E
__ptext26                    text26       000AB4
__ptext27                    text27       00175E
__ptext28                    text28       0015AC
__ptext29                    text29       0013F0
__ptext3                     text3        001712
__ptext30                    text30       0016E8
__ptext31                    text31       001628
__ptext32                    text32       0011FC
__ptext33                    text33       001888
__ptext34                    text34       001490
__ptext35                    text35       0017EA
__ptext36                    text36       001800
__ptext37                    text37       00183E
__ptext38                    text38       001524
__ptext39                    text39       0012E6
__ptext4                     text4        00156A
__ptext40                    text40       00186E
__ptext41                    text41       001894
__ptext5                     text5        00134C
__ptext6                     text6        0016BE
__ptext7                     text7        0015EE
__ptext8                     text8        001178
__ptext9                     text9        00187C
__ramtop                     ramtop       000800
__smallconst                 smallconst   000800
_interfaz                    dataCOMRAM   00003B
_leerDatoEnEEPROM            text1        001852
_main                        text0        000D44
btemp                        temp         00003C
end_of_initialization        cinit        0016B0
i2DireccionaLCD@a            cstackCOMRAM 000005
i2EnviaDato@a                cstackCOMRAM 000004
i2EscribeLCD_c@a             cstackCOMRAM 000005
i2MensajeLCD_Word@a          cstackCOMRAM 000006
i2MensajeLCD_Word@i          cstackCOMRAM 000008
i2RetardoLCD@a               cstackCOMRAM 000002
i2Transmitir@BufferT         cstackCOMRAM 000001
i2TransmitirDatos@Ent1       cstackCOMRAM 00000A
i2TransmitirDatos@Ent2       cstackCOMRAM 00000C
i2TransmitirDatos@Simb       cstackCOMRAM 000012
i2TransmitirDatos@TempC      cstackCOMRAM 000014
i2TransmitirDatos@n          cstackCOMRAM 000010
i2_BorraLCD                  text37       00183E
i2_DireccionaLCD             text36       001800
i2_EnviaDato                 text38       001524
i2_EscribeLCD_c              text35       0017EA
i2_HabilitaLCD               text40       00186E
i2_MensajeLCD_Word           text34       001490
i2_RetardoLCD                text39       0012E6
i2_Transmitir                text33       001888
i2_TransmitirDatos           text26       000AB4
i2___awdiv                   text32       0011FC
i2___awdiv@counter           cstackCOMRAM 000005
i2___awdiv@dividend          cstackCOMRAM 000001
i2___awdiv@divisor           cstackCOMRAM 000003
i2___awdiv@quotient          cstackCOMRAM 000007
i2___awdiv@sign              cstackCOMRAM 000006
i2___lbdiv                   text31       001628
i2___lbdiv@counter           cstackCOMRAM 000003
i2___lbdiv@dividend          cstackCOMRAM 000002
i2___lbdiv@divisor           cstackCOMRAM 000001
i2___lbdiv@quotient          cstackCOMRAM 000004
i2___lbmod                   text30       0016E8
i2___lbmod@counter           cstackCOMRAM 000003
i2___lbmod@dividend          cstackCOMRAM 000002
i2___lbmod@divisor           cstackCOMRAM 000001
i2___lbmod@rem               cstackCOMRAM 000004
i2___lwdiv                   text29       0013F0
i2___lwdiv@counter           cstackCOMRAM 000007
i2___lwdiv@dividend          cstackCOMRAM 000001
i2___lwdiv@divisor           cstackCOMRAM 000003
i2___lwdiv@quotient          cstackCOMRAM 000005
i2___lwmod                   text28       0015AC
i2___lwmod@counter           cstackCOMRAM 000005
i2___lwmod@dividend          cstackCOMRAM 000001
i2___lwmod@divisor           cstackCOMRAM 000003
i2___wmul                    text27       00175E
i2___wmul@multiplicand       cstackCOMRAM 000003
i2___wmul@multiplier         cstackCOMRAM 000001
i2___wmul@product            cstackCOMRAM 000005
int$flags                    temp         00003C
int_func                     intcode_body 000FF6
intlevel0                    text         000000
intlevel1                    text         000000
intlevel2                    text         000000
intlevel3                    text         000000
isa$std                      (abs)        000001
isa$xinst                    (abs)        000000
leerDatoEnEEPROM@dir         cstackCOMRAM 00001E
stackhi                      (abs)        000000
stacklo                      (abs)        000000
start                        init         00000E
start_initialization         cinit        001692
ttemp5                       temp         00003D
ttemp6                       temp         000040
ttemp7                       temp         000044
wtemp8                       temp         00003D


MODULE INFORMATION

Module		Function		Class		Link	Load	Size
Laboratorio5.c
		_ColorRGB      		CODE           	0F0E	0000	232
		_GuardarDatoEnEEPROM		CODE           	1738	0000	38
		_TransmitirDatos		CODE           	0824	0000	656
		_ISR           		CODE           	0008	0000	236
		_LeerHT11      		CODE           	139E	0000	82
		_leerDatoEnEEPROM		CODE           	1852	0000	14
		_main          		CODE           	0D44	0000	458
		_LeerBit       		CODE           	1662	0000	48
		_Transmitir    		CODE           	187C	0000	12
		_Conversion    		CODE           	182A	0000	20
		_Recibir       		CODE           	1894	0000	8
		_LeerByte      		CODE           	1784	0000	34

Laboratorio5.c estimated size: 1838

LibLCDXC8.h
		_DireccionaLCD 		CODE           	17D4	0000	22
		_InicializaLCD 		CODE           	10DC	0000	156
		_EnviaDato     		CODE           	14DE	0000	70
		_EscribeLCD_c  		CODE           	17BE	0000	22
		_HabilitaLCD   		CODE           	1860	0000	14
		_ConfiguraLCD  		CODE           	17A6	0000	24
		_BorraLCD      		CODE           	1816	0000	20
		_RetardoLCD    		CODE           	1280	0000	102
		_MensajeLCD_Word		CODE           	1442	0000	78

LibLCDXC8.h estimated size: 508

C:\Program Files\Microchip\xc8\v2.40\pic\sources\c90\common\awdiv.c
		___awdiv       		CODE           	1178	0000	132

C:\Program Files\Microchip\xc8\v2.40\pic\sources\c90\common\awdiv.c estimated size: 132

C:\Program Files\Microchip\xc8\v2.40\pic\sources\c90\common\lbmod.c
		___lbmod       		CODE           	16BE	0000	42

C:\Program Files\Microchip\xc8\v2.40\pic\sources\c90\common\lbmod.c estimated size: 42

C:\Program Files\Microchip\xc8\v2.40\pic\sources\c90\common\Umul16.c
		___wmul        		CODE           	1712	0000	38

C:\Program Files\Microchip\xc8\v2.40\pic\sources\c90\common\Umul16.c estimated size: 38

C:\Program Files\Microchip\xc8\v2.40\pic\sources\c90\common\lbdiv.c
		___lbdiv       		CODE           	15EE	0000	58

C:\Program Files\Microchip\xc8\v2.40\pic\sources\c90\common\lbdiv.c estimated size: 58

C:\Program Files\Microchip\xc8\v2.40\pic\sources\c90\common\lwmod.c
		___lwmod       		CODE           	156A	0000	66

C:\Program Files\Microchip\xc8\v2.40\pic\sources\c90\common\lwmod.c estimated size: 66

shared
		i2___lbdiv     		CODE           	1628	0000	58
		i2_MensajeLCD_Word		CODE           	1490	0000	78
		i2_TransmitirDatos		CODE           	0AB4	0000	656
		i2___lbmod     		CODE           	16E8	0000	42
		i2___lwdiv     		CODE           	13F0	0000	82
		i2_EscribeLCD_c		CODE           	17EA	0000	22
		i2_EnviaDato   		CODE           	1524	0000	70
		i2___awdiv     		CODE           	11FC	0000	132
		i2___wmul      		CODE           	175E	0000	38
		i2___lwmod     		CODE           	15AC	0000	66
		__initialization		CODE           	1692	0000	30
		i2_DireccionaLCD		CODE           	1800	0000	22
		i2_HabilitaLCD 		CODE           	186E	0000	14
		i2_BorraLCD    		CODE           	183E	0000	20
		i2_RetardoLCD  		CODE           	12E6	0000	102
		i2_Transmitir  		CODE           	1888	0000	12

shared estimated size: 1444

C:\Program Files\Microchip\xc8\v2.40\pic\sources\c90\common\lwdiv.c
		___lwdiv       		CODE           	134C	0000	82

C:\Program Files\Microchip\xc8\v2.40\pic\sources\c90\common\lwdiv.c estimated size: 82

